MPLINK 5.00, LINKER
Linker Map File - Created Sun Apr 17 13:59:47 2022

                                 Section Info
                  Section       Type    Address   Location Size(Bytes)
                ---------  ---------  ---------  ---------  ---------
               _entry_scn       code   0x000000    program   0x000006
                   .cinit    romdata   0x000006    program   0x00000e
         .code_vfprintf.o       code   0x000014    program   0x000c22
             .code_IDL4.o       code   0x000c36    program   0x000a9c
                     PROG       code   0x0016d2    program   0x000366
                    PROG1       code   0x001a38    program   0x0002ee
             .stringtable    romdata   0x001d26    program   0x000262
                   STDLIB       code   0x001f88    program   0x0000ea
               _cinit_scn       code   0x002072    program   0x00009e
          .code_fprintf.o       code   0x002110    program   0x00009c
             .code_putc.o       code   0x0021ac    program   0x000084
           .code_u1open.o       code   0x002230    program   0x000072
         .code_i2c_writ.o       code   0x0022a2    program   0x000072
          .code_fxm3232.o       code   0x002314    program   0x000070
                   STRING       code   0x002384    program   0x000066
          .code_u1putrs.o       code   0x0023ea    program   0x000064
          .code_adcopen.o       code   0x00244e    program   0x000060
           .code_u1gets.o       code   0x0024ae    program   0x00005e
         .code_fxd3232u.o       code   0x00250c    program   0x000048
           .code_u1read.o       code   0x002554    program   0x00003e
           .code_t2open.o       code   0x002592    program   0x000036
         .code_i2c_open.o       code   0x0025c8    program   0x000036
          .code_u1write.o       code   0x0025fe    program   0x00002e
                    CTYPE       code   0x00262c    program   0x000024
                    .code       code   0x002650    program   0x000020
             _startup_scn       code   0x002670    program   0x00001c
                    STDIO       code   0x00268c    program   0x00001c
         .code_fxd0808u.o       code   0x0026a8    program   0x00001c
         .code_i2c_read.o       code   0x0026c4    program   0x00001a
      .romdata_vfprintf.o    romdata   0x0026de    program   0x000011
       .romdata_u1write.o    romdata   0x0026ef    program   0x000000
    .romdata__user_putc.o    romdata   0x0026ef    program   0x000000
      .idata_i2c_writ.o_i    romdata   0x0026ef    program   0x000000
      .romdata_i2c_writ.o    romdata   0x0026ef    program   0x000000
    .idata__user_putc.o_i    romdata   0x0026ef    program   0x000000
          .romdata_putc.o    romdata   0x0026ef    program   0x000000
        .idata___init.o_i    romdata   0x0026ef    program   0x000000
          .idata_putc.o_i    romdata   0x0026ef    program   0x000000
        .romdata___init.o    romdata   0x0026ef    program   0x000000
       .romdata_fxm3232.o    romdata   0x0026ef    program   0x000000
       .idata_fxm3232.o_i    romdata   0x0026ef    program   0x000000
       .idata_fprintf.o_i    romdata   0x0026ef    program   0x000000
       .romdata_fprintf.o    romdata   0x0026ef    program   0x000000
      .romdata_fxd3232u.o    romdata   0x0026ef    program   0x000000
      .idata_fxd3232u.o_i    romdata   0x0026ef    program   0x000000
        .idata_u1gets.o_i    romdata   0x0026ef    program   0x000000
        .romdata_u1gets.o    romdata   0x0026ef    program   0x000000
      .idata_vfprintf.o_i    romdata   0x0026ef    program   0x000000
       .romdata_u1putrs.o    romdata   0x0026ef    program   0x000000
       .idata_u1putrs.o_i    romdata   0x0026ef    program   0x000000
         .idata_c018i.o_i    romdata   0x0026ef    program   0x000000
         .romdata_c018i.o    romdata   0x0026ef    program   0x000000
          .romdata_IDL4.o    romdata   0x0026ef    program   0x000000
       .idata_adcbusy.o_i    romdata   0x0026ef    program   0x000000
       .romdata_adcbusy.o    romdata   0x0026ef    program   0x000000
       .idata_adcconv.o_i    romdata   0x0026ef    program   0x000000
       .romdata_adcconv.o    romdata   0x0026ef    program   0x000000
      .idata_fxd0808u.o_i    romdata   0x0026ef    program   0x000000
      .romdata_fxd0808u.o    romdata   0x0026ef    program   0x000000
      .idata_i2c_idle.o_i    romdata   0x0026ef    program   0x000000
      .romdata_i2c_idle.o    romdata   0x0026ef    program   0x000000
        .idata_u1open.o_i    romdata   0x0026ef    program   0x000000
        .romdata_u1open.o    romdata   0x0026ef    program   0x000000
       .idata_adcopen.o_i    romdata   0x0026ef    program   0x000000
       .idata_u1write.o_i    romdata   0x0026ef    program   0x000000
        .romdata_u1defs.o    romdata   0x0026ef    program   0x000000
        .idata_u1defs.o_i    romdata   0x0026ef    program   0x000000
      .romdata_i2c_read.o    romdata   0x0026ef    program   0x000000
      .idata_i2c_read.o_i    romdata   0x0026ef    program   0x000000
        .romdata_u1read.o    romdata   0x0026ef    program   0x000000
       .romdata_adcopen.o    romdata   0x0026ef    program   0x000000
      .idata_i2c_open.o_i    romdata   0x0026ef    program   0x000000
      .romdata_i2c_open.o    romdata   0x0026ef    program   0x000000
        .idata_t2open.o_i    romdata   0x0026ef    program   0x000000
        .romdata_t2open.o    romdata   0x0026ef    program   0x000000
        .idata_u1read.o_i    romdata   0x0026ef    program   0x000000
         .code_i2c_idle.o       code   0x0026f0    program   0x00000e
            .code_c018i.o       code   0x0026f0    program   0x000000
           .code_u1defs.o       code   0x0026f0    program   0x000000
          .code_adcbusy.o       code   0x0026fe    program   0x00000a
          .code_adcconv.o       code   0x002708    program   0x000004
       .code__user_putc.o       code   0x00270c    program   0x000002
           .code___init.o       code   0x00270e    program   0x000002
          .idata_IDL4.o_i    romdata   0x002710    program   0x000007
    .config_300000_IDL4.o    romdata   0x300000    program   0x000001
    .config_300001_IDL4.o    romdata   0x300001    program   0x000001
    .config_300003_IDL4.o    romdata   0x300003    program   0x000001
                MATH_DATA      udata   0x000000       data   0x000014
                 .tmpdata      udata   0x000014       data   0x00000c
               D_LCD_DATA      udata   0x000020       data   0x000005
                   .stack      udata   0x000c00       data   0x000100
            .udata_IDL4.o      udata   0x000e00       data   0x000021
           .udata_c018i.o      udata   0x000e21       data   0x00000a
            .idata_IDL4.o      idata   0x000e2b       data   0x000007
          .udata_u1defs.o      udata   0x000e32       data   0x000001
          .idata_u1defs.o      idata   0x000e33       data   0x000000
         .udata_u1write.o      udata   0x000e33       data   0x000000
         .idata_u1write.o      idata   0x000e33       data   0x000000
        .udata_i2c_writ.o      udata   0x000e33       data   0x000000
        .idata_i2c_writ.o      idata   0x000e33       data   0x000000
          .udata___init.o      udata   0x000e33       data   0x000000
          .idata___init.o      idata   0x000e33       data   0x000000
         .udata_fprintf.o      udata   0x000e33       data   0x000000
         .idata_fprintf.o      idata   0x000e33       data   0x000000
          .udata_u1gets.o      udata   0x000e33       data   0x000000
          .idata_u1gets.o      idata   0x000e33       data   0x000000
         .udata_u1putrs.o      udata   0x000e33       data   0x000000
         .idata_u1putrs.o      idata   0x000e33       data   0x000000
        .udata_vfprintf.o      udata   0x000e33       data   0x000000
        .idata_vfprintf.o      idata   0x000e33       data   0x000000
        .udata_fxd3232u.o      udata   0x000e33       data   0x000000
        .idata_fxd3232u.o      idata   0x000e33       data   0x000000
         .udata_fxm3232.o      udata   0x000e33       data   0x000000
         .idata_fxm3232.o      idata   0x000e33       data   0x000000
            .udata_putc.o      udata   0x000e33       data   0x000000
            .idata_putc.o      idata   0x000e33       data   0x000000
      .udata__user_putc.o      udata   0x000e33       data   0x000000
      .idata__user_putc.o      idata   0x000e33       data   0x000000
           .idata_c018i.o      idata   0x000e33       data   0x000000
         .udata_adcbusy.o      udata   0x000e33       data   0x000000
         .idata_adcbusy.o      idata   0x000e33       data   0x000000
         .udata_adcconv.o      udata   0x000e33       data   0x000000
         .idata_adcconv.o      idata   0x000e33       data   0x000000
        .udata_fxd0808u.o      udata   0x000e33       data   0x000000
        .idata_fxd0808u.o      idata   0x000e33       data   0x000000
        .udata_i2c_idle.o      udata   0x000e33       data   0x000000
        .idata_i2c_idle.o      idata   0x000e33       data   0x000000
          .udata_u1open.o      udata   0x000e33       data   0x000000
          .idata_u1open.o      idata   0x000e33       data   0x000000
         .udata_adcopen.o      udata   0x000e33       data   0x000000
         .idata_adcopen.o      idata   0x000e33       data   0x000000
        .udata_i2c_open.o      udata   0x000e33       data   0x000000
        .idata_i2c_open.o      idata   0x000e33       data   0x000000
          .udata_t2open.o      udata   0x000e33       data   0x000000
          .idata_t2open.o      idata   0x000e33       data   0x000000
          .udata_u1read.o      udata   0x000e33       data   0x000000
          .idata_u1read.o      idata   0x000e33       data   0x000000
        .udata_i2c_read.o      udata   0x000e33       data   0x000000
        .idata_i2c_read.o      idata   0x000e33       data   0x000000
              SFR_BANKED0      udata   0x000e41       data   0x0000bf
              SFR_BANKED1      udata   0x000f00       data   0x000040
              SFR_BANKED2      udata   0x000f46       data   0x00001a
            SFR_UNBANKED0      udata   0x000f60       data   0x0000a0



                              Program Memory Usage 
                               Start         End      
                           ---------   ---------      
                            0x000000    0x0026ee      
                            0x0026f0    0x002716      
                            0x300000    0x300001      
                            0x300003    0x300003      
            10009 out of 66584 program addresses used, program memory utilization is 15%



                              Symbols - Sorted by Name
                     Name    Address   Location    Storage File                     
                ---------  ---------  ---------  --------- ---------                
                  BusyADC   0x0026fe    program     extern E:\3.46\pic18-lt\cxx-framework\src\pmc_common\ADC\adcbusy.c
               ConvertADC   0x002708    program     extern E:\3.46\pic18-lt\cxx-framework\src\pmc_common\ADC\adcconv.c
                 Delay1ms   0x001c3c    program     static C:\Users\andy_\Dropbox\My PC (DESKTOP-50ID7O5)\Documents\School\Ferris\2022 Spring\ECNS 424 - Advanced Digital Design\Lab Materials\Lab IDL 4\IDL4.X\BulldogLCD.asm
                Delay30ms   0x001c48    program     static C:\Users\andy_\Dropbox\My PC (DESKTOP-50ID7O5)\Documents\School\Ferris\2022 Spring\ECNS 424 - Advanced Digital Design\Lab Materials\Lab IDL 4\IDL4.X\BulldogLCD.asm
             DelayXCycles   0x001c36    program     static C:\Users\andy_\Dropbox\My PC (DESKTOP-50ID7O5)\Documents\School\Ferris\2022 Spring\ECNS 424 - Advanced Digital Design\Lab Materials\Lab IDL 4\IDL4.X\BulldogLCD.asm
                  Delay_1   0x001c3e    program     static C:\Users\andy_\Dropbox\My PC (DESKTOP-50ID7O5)\Documents\School\Ferris\2022 Spring\ECNS 424 - Advanced Digital Design\Lab Materials\Lab IDL 4\IDL4.X\BulldogLCD.asm
                 FLO0832S   0x0016d6    program     extern E:\3.46\pic18-lt\cxx-framework\src\traditional\math\cast08FP.asm
                 FLO0832U   0x0016d2    program     extern E:\3.46\pic18-lt\cxx-framework\src\traditional\math\cast08FP.asm
                    FPD32   0x0016f4    program     extern E:\3.46\pic18-lt\cxx-framework\src\traditional\math\divFP.asm
                    FPM32   0x00179a    program     extern E:\3.46\pic18-lt\cxx-framework\src\traditional\math\mulFP.asm
                 FXD0808U   0x0026a8    program     extern E:\3.46\pic18-lt\cxx-framework\src\traditional\math\fxd0808u.c
                 FXD3232U   0x00250c    program     extern E:\3.46\pic18-lt\cxx-framework\src\traditional\math\fxd3232u.c
                 FXM1616S   0x001874    program     extern E:\3.46\pic18-lt\cxx-framework\src\traditional\math\fxm1616s.asm
                  FXM3232   0x002314    program     extern E:\3.46\pic18-lt\cxx-framework\src\traditional\math\fxm3232.c
                    FinRd   0x001c24    program     static C:\Users\andy_\Dropbox\My PC (DESKTOP-50ID7O5)\Documents\School\Ferris\2022 Spring\ECNS 424 - Advanced Digital Design\Lab Materials\Lab IDL 4\IDL4.X\BulldogLCD.asm
                  INT3216   0x0018ce    program     extern E:\3.46\pic18-lt\cxx-framework\src\traditional\math\castFP16.asm
                  IdleI2C   0x0026f0    program     extern E:\3.46\pic18-lt\cxx-framework\src\pmc_common\i2c\i2c_idle.c
                  LCDBusy   0x001c26    program     extern C:\Users\andy_\Dropbox\My PC (DESKTOP-50ID7O5)\Documents\School\Ferris\2022 Spring\ECNS 424 - Advanced Digital Design\Lab Materials\Lab IDL 4\IDL4.X\BulldogLCD.asm
                  LCDInit   0x001a90    program     extern C:\Users\andy_\Dropbox\My PC (DESKTOP-50ID7O5)\Documents\School\Ferris\2022 Spring\ECNS 424 - Advanced Digital Design\Lab Materials\Lab IDL 4\IDL4.X\BulldogLCD.asm
                LCDLine_1   0x001a80    program     extern C:\Users\andy_\Dropbox\My PC (DESKTOP-50ID7O5)\Documents\School\Ferris\2022 Spring\ECNS 424 - Advanced Digital Design\Lab Materials\Lab IDL 4\IDL4.X\BulldogLCD.asm
                LCDLine_2   0x001a70    program     extern C:\Users\andy_\Dropbox\My PC (DESKTOP-50ID7O5)\Documents\School\Ferris\2022 Spring\ECNS 424 - Advanced Digital Design\Lab Materials\Lab IDL 4\IDL4.X\BulldogLCD.asm
                  LCDRead   0x001baa    program     static C:\Users\andy_\Dropbox\My PC (DESKTOP-50ID7O5)\Documents\School\Ferris\2022 Spring\ECNS 424 - Advanced Digital Design\Lab Materials\Lab IDL 4\IDL4.X\BulldogLCD.asm
                 LCDWrite   0x001ba0    program     extern C:\Users\andy_\Dropbox\My PC (DESKTOP-50ID7O5)\Documents\School\Ferris\2022 Spring\ECNS 424 - Advanced Digital Design\Lab Materials\Lab IDL 4\IDL4.X\BulldogLCD.asm
           LCDWriteNibble   0x001b60    program     static C:\Users\andy_\Dropbox\My PC (DESKTOP-50ID7O5)\Documents\School\Ferris\2022 Spring\ECNS 424 - Advanced Digital Design\Lab Materials\Lab IDL 4\IDL4.X\BulldogLCD.asm
              LCD_command   0x0016b0    program     extern C:\Users\andy_\Dropbox\My PC (DESKTOP-50ID7O5)\Documents\School\Ferris\2022 Spring\ECNS 424 - Advanced Digital Design\Lab Materials\Lab IDL 4\IDL4.X\IDL4.c
       LCD_display_string   0x00149e    program     extern C:\Users\andy_\Dropbox\My PC (DESKTOP-50ID7O5)\Documents\School\Ferris\2022 Spring\ECNS 424 - Advanced Digital Design\Lab Materials\Lab IDL 4\IDL4.X\IDL4.c
                 LED_byte   0x000fce    program     extern C:\Users\andy_\Dropbox\My PC (DESKTOP-50ID7O5)\Documents\School\Ferris\2022 Spring\ECNS 424 - Advanced Digital Design\Lab Materials\Lab IDL 4\IDL4.X\IDL4.c
                LongDelay   0x001cf2    program     static C:\Users\andy_\Dropbox\My PC (DESKTOP-50ID7O5)\Documents\School\Ferris\2022 Spring\ECNS 424 - Advanced Digital Design\Lab Materials\Lab IDL 4\IDL4.X\BulldogLCD.asm
            LongDelayLast   0x001d18    program     static C:\Users\andy_\Dropbox\My PC (DESKTOP-50ID7O5)\Documents\School\Ferris\2022 Spring\ECNS 424 - Advanced Digital Design\Lab Materials\Lab IDL 4\IDL4.X\BulldogLCD.asm
               Open1USART   0x002230    program     extern E:\3.46\pic18-lt\cxx-framework\src\pmc_common\USART\u1open.c
                  OpenADC   0x00244e    program     extern E:\3.46\pic18-lt\cxx-framework\src\pmc_common\ADC\adcopen.c
                  OpenI2C   0x0025c8    program     extern E:\3.46\pic18-lt\cxx-framework\src\pmc_common\i2c\i2c_open.c
               OpenTimer2   0x002592    program     extern E:\3.46\pic18-lt\cxx-framework\src\pmc_common\Timers\t2open.c
               Read1USART   0x002554    program     extern E:\3.46\pic18-lt\cxx-framework\src\pmc_common\USART\u1read.c
                  ReadI2C   0x0026c4    program     extern E:\3.46\pic18-lt\cxx-framework\src\pmc_common\i2c\i2c_read.c
               TSIGN1616A   0x0018c0    program     static E:\3.46\pic18-lt\cxx-framework\src\traditional\math\fxm1616s.asm
              Write1USART   0x0025fe    program     extern E:\3.46\pic18-lt\cxx-framework\src\pmc_common\USART\u1write.c
                 WriteI2C   0x0022a2    program     extern E:\3.46\pic18-lt\cxx-framework\src\pmc_common\i2c\i2c_writ.c
                   _2jEnd   0x0023d4    program     static E:\3.46\pic18-lt\cxx-framework\src\traditional\stdclib\slenpgm.asm
                 __FpExit   0x001938    program     extern E:\3.46\pic18-lt\cxx-framework\src\traditional\math\packFP.asm
                 __FpPack   0x001964    program     extern E:\3.46\pic18-lt\cxx-framework\src\traditional\math\packFP.asm
            __FpReturnNaN   0x00192c    program     extern E:\3.46\pic18-lt\cxx-framework\src\traditional\math\packFP.asm
         __FpReturnNegInf   0x00193e    program     extern E:\3.46\pic18-lt\cxx-framework\src\traditional\math\packFP.asm
        __FpReturnNegZero   0x001956    program     extern E:\3.46\pic18-lt\cxx-framework\src\traditional\math\packFP.asm
         __FpReturnPosInf   0x001944    program     extern E:\3.46\pic18-lt\cxx-framework\src\traditional\math\packFP.asm
        __FpReturnPosZero   0x00195e    program     extern E:\3.46\pic18-lt\cxx-framework\src\traditional\math\packFP.asm
        __FpReturnSignInf   0x00193a    program     extern E:\3.46\pic18-lt\cxx-framework\src\traditional\math\packFP.asm
       __FpReturnSignZero   0x001952    program     extern E:\3.46\pic18-lt\cxx-framework\src\traditional\math\packFP.asm
              __FpReturnW   0x0019bc    program     extern E:\3.46\pic18-lt\cxx-framework\src\traditional\math\packFP.asm
              __FpUnPackA   0x0019dc    program     extern E:\3.46\pic18-lt\cxx-framework\src\traditional\math\UnpackFP.asm
              __FpUnPackB   0x001a0c    program     extern E:\3.46\pic18-lt\cxx-framework\src\traditional\math\UnpackFP.asm
       ___return_lbl00000   0x002552    program     static                          
       ___return_lbl00000   0x0026c2    program     static                          
       ___return_lbl00000   0x000004    program     static                          
       ___return_lbl00000   0x002382    program     static                          
       ___return_lbl00001   0x00268a    program     static                          
       ___return_lbl00002   0x00210e    program     static                          
               __config_0   0x300000    program     static C:\Users\andy_\Dropbox\My PC (DESKTOP-50ID7O5)\Documents\School\Ferris\2022 Spring\ECNS 424 - Advanced Digital Design\Lab Materials\Lab IDL 4\IDL4.X\IDL4.c
               __config_1   0x300001    program     static C:\Users\andy_\Dropbox\My PC (DESKTOP-50ID7O5)\Documents\School\Ferris\2022 Spring\ECNS 424 - Advanced Digital Design\Lab Materials\Lab IDL 4\IDL4.X\IDL4.c
               __config_2   0x300003    program     static C:\Users\andy_\Dropbox\My PC (DESKTOP-50ID7O5)\Documents\School\Ferris\2022 Spring\ECNS 424 - Advanced Digital Design\Lab Materials\Lab IDL 4\IDL4.X\IDL4.c
                   __init   0x00270e    program     extern E:\3.46\pic18-lt\cxx-framework\src\traditional\stdclib\__init.c
                   __pa_0   0x000954    program     static E:\3.46\pic18-lt\cxx-framework\src\traditional\stdclib\vfprintf.c
                   __pa_1   0x00095c    program     static E:\3.46\pic18-lt\cxx-framework\src\traditional\stdclib\vfprintf.c
                  __pa_10   0x000a10    program     static E:\3.46\pic18-lt\cxx-framework\src\traditional\stdclib\vfprintf.c
                  __pa_11   0x000a1e    program     static E:\3.46\pic18-lt\cxx-framework\src\traditional\stdclib\vfprintf.c
                  __pa_12   0x000a34    program     static E:\3.46\pic18-lt\cxx-framework\src\traditional\stdclib\vfprintf.c
                  __pa_13   0x000a4e    program     static E:\3.46\pic18-lt\cxx-framework\src\traditional\stdclib\vfprintf.c
                  __pa_14   0x000a66    program     static E:\3.46\pic18-lt\cxx-framework\src\traditional\stdclib\vfprintf.c
                  __pa_15   0x000a76    program     static E:\3.46\pic18-lt\cxx-framework\src\traditional\stdclib\vfprintf.c
                  __pa_16   0x000a8c    program     static E:\3.46\pic18-lt\cxx-framework\src\traditional\stdclib\vfprintf.c
                  __pa_17   0x000a9e    program     static E:\3.46\pic18-lt\cxx-framework\src\traditional\stdclib\vfprintf.c
                  __pa_18   0x000ab0    program     static E:\3.46\pic18-lt\cxx-framework\src\traditional\stdclib\vfprintf.c
                  __pa_19   0x000aba    program     static E:\3.46\pic18-lt\cxx-framework\src\traditional\stdclib\vfprintf.c
                   __pa_2   0x000966    program     static E:\3.46\pic18-lt\cxx-framework\src\traditional\stdclib\vfprintf.c
                  __pa_20   0x000aca    program     static E:\3.46\pic18-lt\cxx-framework\src\traditional\stdclib\vfprintf.c
                  __pa_21   0x000ada    program     static E:\3.46\pic18-lt\cxx-framework\src\traditional\stdclib\vfprintf.c
                  __pa_22   0x000aea    program     static E:\3.46\pic18-lt\cxx-framework\src\traditional\stdclib\vfprintf.c
                  __pa_23   0x000af6    program     static E:\3.46\pic18-lt\cxx-framework\src\traditional\stdclib\vfprintf.c
                  __pa_24   0x000b04    program     static E:\3.46\pic18-lt\cxx-framework\src\traditional\stdclib\vfprintf.c
                  __pa_25   0x000b0c    program     static E:\3.46\pic18-lt\cxx-framework\src\traditional\stdclib\vfprintf.c
                  __pa_26   0x000b16    program     static E:\3.46\pic18-lt\cxx-framework\src\traditional\stdclib\vfprintf.c
                  __pa_27   0x000b20    program     static E:\3.46\pic18-lt\cxx-framework\src\traditional\stdclib\vfprintf.c
                  __pa_28   0x000b28    program     static E:\3.46\pic18-lt\cxx-framework\src\traditional\stdclib\vfprintf.c
                  __pa_29   0x000b36    program     static E:\3.46\pic18-lt\cxx-framework\src\traditional\stdclib\vfprintf.c
                   __pa_3   0x000970    program     static E:\3.46\pic18-lt\cxx-framework\src\traditional\stdclib\vfprintf.c
                  __pa_30   0x000b52    program     static E:\3.46\pic18-lt\cxx-framework\src\traditional\stdclib\vfprintf.c
                  __pa_31   0x000b6c    program     static E:\3.46\pic18-lt\cxx-framework\src\traditional\stdclib\vfprintf.c
                  __pa_32   0x000b86    program     static E:\3.46\pic18-lt\cxx-framework\src\traditional\stdclib\vfprintf.c
                  __pa_33   0x000b9e    program     static E:\3.46\pic18-lt\cxx-framework\src\traditional\stdclib\vfprintf.c
                  __pa_34   0x000ba8    program     static E:\3.46\pic18-lt\cxx-framework\src\traditional\stdclib\vfprintf.c
                  __pa_35   0x000bb6    program     static E:\3.46\pic18-lt\cxx-framework\src\traditional\stdclib\vfprintf.c
                  __pa_36   0x000bbe    program     static E:\3.46\pic18-lt\cxx-framework\src\traditional\stdclib\vfprintf.c
                  __pa_37   0x000bc8    program     static E:\3.46\pic18-lt\cxx-framework\src\traditional\stdclib\vfprintf.c
                  __pa_38   0x000bd8    program     static E:\3.46\pic18-lt\cxx-framework\src\traditional\stdclib\vfprintf.c
                  __pa_39   0x000be6    program     static E:\3.46\pic18-lt\cxx-framework\src\traditional\stdclib\vfprintf.c
                   __pa_4   0x000988    program     static E:\3.46\pic18-lt\cxx-framework\src\traditional\stdclib\vfprintf.c
                  __pa_40   0x000bf2    program     static E:\3.46\pic18-lt\cxx-framework\src\traditional\stdclib\vfprintf.c
                  __pa_41   0x000bfe    program     static E:\3.46\pic18-lt\cxx-framework\src\traditional\stdclib\vfprintf.c
                  __pa_42   0x000c06    program     static E:\3.46\pic18-lt\cxx-framework\src\traditional\stdclib\vfprintf.c
                  __pa_43   0x000c10    program     static E:\3.46\pic18-lt\cxx-framework\src\traditional\stdclib\vfprintf.c
                  __pa_44   0x000c16    program     static E:\3.46\pic18-lt\cxx-framework\src\traditional\stdclib\vfprintf.c
                  __pa_45   0x000c20    program     static E:\3.46\pic18-lt\cxx-framework\src\traditional\stdclib\vfprintf.c
                  __pa_46   0x000c2c    program     static E:\3.46\pic18-lt\cxx-framework\src\traditional\stdclib\vfprintf.c
                   __pa_5   0x00099c    program     static E:\3.46\pic18-lt\cxx-framework\src\traditional\stdclib\vfprintf.c
                   __pa_6   0x0009b8    program     static E:\3.46\pic18-lt\cxx-framework\src\traditional\stdclib\vfprintf.c
                   __pa_7   0x0009c2    program     static E:\3.46\pic18-lt\cxx-framework\src\traditional\stdclib\vfprintf.c
                   __pa_8   0x0009ce    program     static E:\3.46\pic18-lt\cxx-framework\src\traditional\stdclib\vfprintf.c
                   __pa_9   0x0009f0    program     static E:\3.46\pic18-lt\cxx-framework\src\traditional\stdclib\vfprintf.c
               __string_0   0x001f59    program     static C:\Users\andy_\Dropbox\My PC (DESKTOP-50ID7O5)\Documents\School\Ferris\2022 Spring\ECNS 424 - Advanced Digital Design\Lab Materials\Lab IDL 4\IDL4.X\IDL4.c
               __string_1   0x001f3d    program     static C:\Users\andy_\Dropbox\My PC (DESKTOP-50ID7O5)\Documents\School\Ferris\2022 Spring\ECNS 424 - Advanced Digital Design\Lab Materials\Lab IDL 4\IDL4.X\IDL4.c
              __string_10   0x001d26    program     static C:\Users\andy_\Dropbox\My PC (DESKTOP-50ID7O5)\Documents\School\Ferris\2022 Spring\ECNS 424 - Advanced Digital Design\Lab Materials\Lab IDL 4\IDL4.X\IDL4.c
               __string_2   0x001e04    program     static C:\Users\andy_\Dropbox\My PC (DESKTOP-50ID7O5)\Documents\School\Ferris\2022 Spring\ECNS 424 - Advanced Digital Design\Lab Materials\Lab IDL 4\IDL4.X\IDL4.c
               __string_3   0x001dfa    program     static C:\Users\andy_\Dropbox\My PC (DESKTOP-50ID7O5)\Documents\School\Ferris\2022 Spring\ECNS 424 - Advanced Digital Design\Lab Materials\Lab IDL 4\IDL4.X\IDL4.c
               __string_4   0x001dca    program     static C:\Users\andy_\Dropbox\My PC (DESKTOP-50ID7O5)\Documents\School\Ferris\2022 Spring\ECNS 424 - Advanced Digital Design\Lab Materials\Lab IDL 4\IDL4.X\IDL4.c
               __string_5   0x001da2    program     static C:\Users\andy_\Dropbox\My PC (DESKTOP-50ID7O5)\Documents\School\Ferris\2022 Spring\ECNS 424 - Advanced Digital Design\Lab Materials\Lab IDL 4\IDL4.X\IDL4.c
               __string_6   0x001d7b    program     static C:\Users\andy_\Dropbox\My PC (DESKTOP-50ID7O5)\Documents\School\Ferris\2022 Spring\ECNS 424 - Advanced Digital Design\Lab Materials\Lab IDL 4\IDL4.X\IDL4.c
               __string_7   0x001d64    program     static C:\Users\andy_\Dropbox\My PC (DESKTOP-50ID7O5)\Documents\School\Ferris\2022 Spring\ECNS 424 - Advanced Digital Design\Lab Materials\Lab IDL 4\IDL4.X\IDL4.c
               __string_8   0x001d3f    program     static C:\Users\andy_\Dropbox\My PC (DESKTOP-50ID7O5)\Documents\School\Ferris\2022 Spring\ECNS 424 - Advanced Digital Design\Lab Materials\Lab IDL 4\IDL4.X\IDL4.c
               __string_9   0x001d3b    program     static C:\Users\andy_\Dropbox\My PC (DESKTOP-50ID7O5)\Documents\School\Ferris\2022 Spring\ECNS 424 - Advanced Digital Design\Lab Materials\Lab IDL 4\IDL4.X\IDL4.c
              __tmplbl_42   0x000aea    program     static                          
              __tmplbl_43   0x000932    program     static                          
              __tmplbl_44   0x000918    program     static                          
              __tmplbl_85   0x00006a    program     static                          
            __zero_memory   0x002650    program     extern E:\3.46\pic18-lt\cxx-framework\src\traditional\proc\p18f46k80.asm
                _do_cinit   0x002072    program     extern E:\3.46\pic18-lt\cxx-framework\src\traditional\startup\c018i.c
                   _entry   0x000000    program     extern E:\3.46\pic18-lt\cxx-framework\src\traditional\startup\c018i.c
                   _false   0x00254e    program     static                          
                 _startup   0x002670    program     extern E:\3.46\pic18-lt\cxx-framework\src\traditional\startup\c018i.c
              _usart_putc   0x00268c    program     extern E:\3.46\pic18-lt\cxx-framework\src\pmc_common\USART\_usartpc.asm
               _user_putc   0x00270c    program     extern E:\3.46\pic18-lt\cxx-framework\src\traditional\stdclib\_user_putc.c
                     atoi   0x001f88    program     extern E:\3.46\pic18-lt\cxx-framework\src\traditional\stdclib\atoi.asm
            blinkm_update   0x000f1e    program     extern C:\Users\andy_\Dropbox\My PC (DESKTOP-50ID7O5)\Documents\School\Ferris\2022 Spring\ECNS 424 - Advanced Digital Design\Lab Materials\Lab IDL 4\IDL4.X\IDL4.c
             color_change   0x000e78    program     extern C:\Users\andy_\Dropbox\My PC (DESKTOP-50ID7O5)\Documents\School\Ferris\2022 Spring\ECNS 424 - Advanced Digital Design\Lab Materials\Lab IDL 4\IDL4.X\IDL4.c
                compare_l   0x002666    program     static E:\3.46\pic18-lt\cxx-framework\src\traditional\proc\p18f46k80.asm
                copy_loop   0x0020e4    program     static                          
            copy_one_byte   0x0020ea    program     static                          
                  d_write   0x001a78    program     extern C:\Users\andy_\Dropbox\My PC (DESKTOP-50ID7O5)\Documents\School\Ferris\2022 Spring\ECNS 424 - Advanced Digital Design\Lab Materials\Lab IDL 4\IDL4.X\BulldogLCD.asm
                     done   0x00210e    program     static                          
             done_copying   0x0020f8    program     static                          
                 end_line   0x001a6e    program     extern C:\Users\andy_\Dropbox\My PC (DESKTOP-50ID7O5)\Documents\School\Ferris\2022 Spring\ECNS 424 - Advanced Digital Design\Lab Materials\Lab IDL 4\IDL4.X\BulldogLCD.asm
                  endloop   0x0026be    program     static                          
                  fprintf   0x002110    program     extern E:\3.46\pic18-lt\cxx-framework\src\traditional\stdclib\fprintf.c
               gets1USART   0x0024ae    program     extern E:\3.46\pic18-lt\cxx-framework\src\pmc_common\USART\u1gets.c
                     here   0x001a40    program     static C:\Users\andy_\Dropbox\My PC (DESKTOP-50ID7O5)\Documents\School\Ferris\2022 Spring\ECNS 424 - Advanced Digital Design\Lab Materials\Lab IDL 4\IDL4.X\BulldogLCD.asm
                    here2   0x001a5a    program     static C:\Users\andy_\Dropbox\My PC (DESKTOP-50ID7O5)\Documents\School\Ferris\2022 Spring\ECNS 424 - Advanced Digital Design\Lab Materials\Lab IDL 4\IDL4.X\BulldogLCD.asm
                  i_write   0x001a88    program     extern C:\Users\andy_\Dropbox\My PC (DESKTOP-50ID7O5)\Documents\School\Ferris\2022 Spring\ECNS 424 - Advanced Digital Design\Lab Materials\Lab IDL 4\IDL4.X\BulldogLCD.asm
                  isdigit   0x00262c    program     extern E:\3.46\pic18-lt\cxx-framework\src\traditional\stdclib\isdigit.asm
                 jANotInf   0x0017b8    program     static E:\3.46\pic18-lt\cxx-framework\src\traditional\math\mulFP.asm
                 jANotInf   0x001712    program     static E:\3.46\pic18-lt\cxx-framework\src\traditional\math\divFP.asm
                jANotZero   0x001726    program     static E:\3.46\pic18-lt\cxx-framework\src\traditional\math\divFP.asm
              jBothFinite   0x0017c6    program     static E:\3.46\pic18-lt\cxx-framework\src\traditional\math\mulFP.asm
             jBothNotZero   0x0017d2    program     static E:\3.46\pic18-lt\cxx-framework\src\traditional\math\mulFP.asm
                     jEnd   0x00239e    program     static E:\3.46\pic18-lt\cxx-framework\src\traditional\stdclib\strlen.asm
                     jEnd   0x0023d6    program     static E:\3.46\pic18-lt\cxx-framework\src\traditional\stdclib\slenpgm.asm
                     jEnd   0x002046    program     static E:\3.46\pic18-lt\cxx-framework\src\traditional\stdclib\atoi.asm
                 jEndLoop   0x00202e    program     static E:\3.46\pic18-lt\cxx-framework\src\traditional\stdclib\atoi.asm
                    jExit   0x00192a    program     static E:\3.46\pic18-lt\cxx-framework\src\traditional\math\castFP16.asm
                jHaveZero   0x0017ce    program     static E:\3.46\pic18-lt\cxx-framework\src\traditional\math\mulFP.asm
                jI2F08Beg   0x0016e0    program     static E:\3.46\pic18-lt\cxx-framework\src\traditional\math\cast08FP.asm
                    jLoop   0x002394    program     static E:\3.46\pic18-lt\cxx-framework\src\traditional\stdclib\strlen.asm
                    jLoop   0x001fe0    program     static E:\3.46\pic18-lt\cxx-framework\src\traditional\stdclib\atoi.asm
                    jLoop   0x00174e    program     static E:\3.46\pic18-lt\cxx-framework\src\traditional\math\divFP.asm
                    jLoop   0x0023be    program     static E:\3.46\pic18-lt\cxx-framework\src\traditional\stdclib\slenpgm.asm
                    jLoop   0x00190a    program     static E:\3.46\pic18-lt\cxx-framework\src\traditional\math\castFP16.asm
                jLoopExit   0x00191a    program     static E:\3.46\pic18-lt\cxx-framework\src\traditional\math\castFP16.asm
                   jMatch   0x00264c    program     static E:\3.46\pic18-lt\cxx-framework\src\traditional\stdclib\isdigit.asm
                     jMax   0x0018de    program     static E:\3.46\pic18-lt\cxx-framework\src\traditional\math\castFP16.asm
                  jMaxNeg   0x0018ec    program     static E:\3.46\pic18-lt\cxx-framework\src\traditional\math\castFP16.asm
                  jMaxPos   0x0018e2    program     static E:\3.46\pic18-lt\cxx-framework\src\traditional\math\castFP16.asm
                    jNext   0x001774    program     static E:\3.46\pic18-lt\cxx-framework\src\traditional\math\divFP.asm
                jNoAdjust   0x001772    program     static E:\3.46\pic18-lt\cxx-framework\src\traditional\math\divFP.asm
                 jNoMatch   0x00264e    program     static E:\3.46\pic18-lt\cxx-framework\src\traditional\stdclib\isdigit.asm
                  jNotInf   0x0018fa    program     static E:\3.46\pic18-lt\cxx-framework\src\traditional\math\castFP16.asm
                  jPkLoop   0x001972    program     static E:\3.46\pic18-lt\cxx-framework\src\traditional\math\packFP.asm
             jPkRoundDone   0x0019bc    program     static E:\3.46\pic18-lt\cxx-framework\src\traditional\math\packFP.asm
               jPkRoundIt   0x0019a4    program     static E:\3.46\pic18-lt\cxx-framework\src\traditional\math\packFP.asm
             jPkShiftDone   0x00198e    program     static E:\3.46\pic18-lt\cxx-framework\src\traditional\math\packFP.asm
           jReturnPosInf0   0x001948    program     static E:\3.46\pic18-lt\cxx-framework\src\traditional\math\packFP.asm
              jSignedZero   0x00171c    program     static E:\3.46\pic18-lt\cxx-framework\src\traditional\math\divFP.asm
                  jSkipWS   0x001fb6    program     static E:\3.46\pic18-lt\cxx-framework\src\traditional\stdclib\atoi.asm
                 jSkipWS1   0x001fc8    program     static E:\3.46\pic18-lt\cxx-framework\src\traditional\stdclib\atoi.asm
                 jTstSign   0x001fcc    program     static E:\3.46\pic18-lt\cxx-framework\src\traditional\stdclib\atoi.asm
                jTstSign1   0x001fd8    program     static E:\3.46\pic18-lt\cxx-framework\src\traditional\stdclib\atoi.asm
                jTstSign2   0x001fde    program     static E:\3.46\pic18-lt\cxx-framework\src\traditional\stdclib\atoi.asm
                jTstSign3   0x001fe0    program     static E:\3.46\pic18-lt\cxx-framework\src\traditional\stdclib\atoi.asm
                  jUnpkA1   0x0019e6    program     static E:\3.46\pic18-lt\cxx-framework\src\traditional\math\UnpackFP.asm
                  jUnpkA2   0x0019fe    program     static E:\3.46\pic18-lt\cxx-framework\src\traditional\math\UnpackFP.asm
                 jUnpkANZ   0x0019f4    program     static E:\3.46\pic18-lt\cxx-framework\src\traditional\math\UnpackFP.asm
                  jUnpkB1   0x001a16    program     static E:\3.46\pic18-lt\cxx-framework\src\traditional\math\UnpackFP.asm
                  jUnpkB2   0x001a2e    program     static E:\3.46\pic18-lt\cxx-framework\src\traditional\math\UnpackFP.asm
                 jUnpkBNZ   0x001a24    program     static E:\3.46\pic18-lt\cxx-framework\src\traditional\math\UnpackFP.asm
                 jUnpkNaN   0x001a08    program     static E:\3.46\pic18-lt\cxx-framework\src\traditional\math\UnpackFP.asm
                    jZero   0x0018f4    program     static E:\3.46\pic18-lt\cxx-framework\src\traditional\math\castFP16.asm
               jZero1and2   0x00194c    program     static E:\3.46\pic18-lt\cxx-framework\src\traditional\math\packFP.asm
                  lcd_clr   0x001a38    program     extern C:\Users\andy_\Dropbox\My PC (DESKTOP-50ID7O5)\Documents\School\Ferris\2022 Spring\ECNS 424 - Advanced Digital Design\Lab Materials\Lab IDL 4\IDL4.X\BulldogLCD.asm
                     lil1   0x001aa4    program     static C:\Users\andy_\Dropbox\My PC (DESKTOP-50ID7O5)\Documents\School\Ferris\2022 Spring\ECNS 424 - Advanced Digital Design\Lab Materials\Lab IDL 4\IDL4.X\BulldogLCD.asm
                     lil2   0x001aba    program     static C:\Users\andy_\Dropbox\My PC (DESKTOP-50ID7O5)\Documents\School\Ferris\2022 Spring\ECNS 424 - Advanced Digital Design\Lab Materials\Lab IDL 4\IDL4.X\BulldogLCD.asm
                     loop   0x00269c    program     static E:\3.46\pic18-lt\cxx-framework\src\pmc_common\USART\_usartpc.asm
                     loop   0x002680    program     static                          
                     loop   0x00251a    program     static                          
                     loop   0x0026b0    program     static                          
                   loop_h   0x00265e    program     static E:\3.46\pic18-lt\cxx-framework\src\traditional\proc\p18f46k80.asm
                   loop_l   0x002668    program     static E:\3.46\pic18-lt\cxx-framework\src\traditional\proc\p18f46k80.asm
                     main   0x000c36    program     extern C:\Users\andy_\Dropbox\My PC (DESKTOP-50ID7O5)\Documents\School\Ferris\2022 Spring\ECNS 424 - Advanced Digital Design\Lab Materials\Lab IDL 4\IDL4.X\IDL4.c
                print_lux   0x000dc4    program     extern C:\Users\andy_\Dropbox\My PC (DESKTOP-50ID7O5)\Documents\School\Ferris\2022 Spring\ECNS 424 - Advanced Digital Design\Lab Materials\Lab IDL 4\IDL4.X\IDL4.c
        print_temperature   0x00159a    program     extern C:\Users\andy_\Dropbox\My PC (DESKTOP-50ID7O5)\Documents\School\Ferris\2022 Spring\ECNS 424 - Advanced Digital Design\Lab Materials\Lab IDL 4\IDL4.X\IDL4.c
                     putc   0x0021ac    program     extern E:\3.46\pic18-lt\cxx-framework\src\traditional\stdclib\putc.c
              putrs1USART   0x0023ea    program     extern E:\3.46\pic18-lt\cxx-framework\src\pmc_common\USART\u1putrs.c
         read_temperature   0x0015cc    program     extern C:\Users\andy_\Dropbox\My PC (DESKTOP-50ID7O5)\Documents\School\Ferris\2022 Spring\ECNS 424 - Advanced Digital Design\Lab Materials\Lab IDL 4\IDL4.X\IDL4.c
                 s_digits   0x0026de    program     static E:\3.46\pic18-lt\cxx-framework\src\traditional\stdclib\vfprintf.c
            s_put_n_chars   0x000014    program     static E:\3.46\pic18-lt\cxx-framework\src\traditional\stdclib\vfprintf.c
                   strlen   0x002384    program     extern E:\3.46\pic18-lt\cxx-framework\src\traditional\stdclib\strlen.asm
                strlenpgm   0x0023a0    program     extern E:\3.46\pic18-lt\cxx-framework\src\traditional\stdclib\slenpgm.asm
                     test   0x00208c    program     static                          
                 vfprintf   0x000040    program     extern E:\3.46\pic18-lt\cxx-framework\src\traditional\stdclib\vfprintf.c
               zero_block   0x00265e    program     static E:\3.46\pic18-lt\cxx-framework\src\traditional\proc\p18f46k80.asm
                   ADCON0   0x000fc2       data     extern E:\3.46\pic18-lt\cxx-framework\src\traditional\proc\p18f46k80.asm
               ADCON0bits   0x000fc2       data     extern E:\3.46\pic18-lt\cxx-framework\src\traditional\proc\p18f46k80.asm
                   ADCON1   0x000fc1       data     extern E:\3.46\pic18-lt\cxx-framework\src\traditional\proc\p18f46k80.asm
               ADCON1bits   0x000fc1       data     extern E:\3.46\pic18-lt\cxx-framework\src\traditional\proc\p18f46k80.asm
                   ADCON2   0x000fc0       data     extern E:\3.46\pic18-lt\cxx-framework\src\traditional\proc\p18f46k80.asm
               ADCON2bits   0x000fc0       data     extern E:\3.46\pic18-lt\cxx-framework\src\traditional\proc\p18f46k80.asm
                    ADRES   0x000fc3       data     extern E:\3.46\pic18-lt\cxx-framework\src\traditional\proc\p18f46k80.asm
                   ADRESH   0x000fc4       data     extern E:\3.46\pic18-lt\cxx-framework\src\traditional\proc\p18f46k80.asm
                   ADRESL   0x000fc3       data     extern E:\3.46\pic18-lt\cxx-framework\src\traditional\proc\p18f46k80.asm
                   ANCON0   0x000f5d       data     extern E:\3.46\pic18-lt\cxx-framework\src\traditional\proc\p18f46k80.asm
               ANCON0bits   0x000f5d       data     extern E:\3.46\pic18-lt\cxx-framework\src\traditional\proc\p18f46k80.asm
                   ANCON1   0x000f5c       data     extern E:\3.46\pic18-lt\cxx-framework\src\traditional\proc\p18f46k80.asm
               ANCON1bits   0x000f5c       data     extern E:\3.46\pic18-lt\cxx-framework\src\traditional\proc\p18f46k80.asm
                    B0CON   0x000e80       data     extern E:\3.46\pic18-lt\cxx-framework\src\traditional\proc\p18f46k80.asm
                B0CONbits   0x000e80       data     extern E:\3.46\pic18-lt\cxx-framework\src\traditional\proc\p18f46k80.asm
                     B0D0   0x000e86       data     extern E:\3.46\pic18-lt\cxx-framework\src\traditional\proc\p18f46k80.asm
                 B0D0bits   0x000e86       data     extern E:\3.46\pic18-lt\cxx-framework\src\traditional\proc\p18f46k80.asm
                     B0D1   0x000e87       data     extern E:\3.46\pic18-lt\cxx-framework\src\traditional\proc\p18f46k80.asm
                 B0D1bits   0x000e87       data     extern E:\3.46\pic18-lt\cxx-framework\src\traditional\proc\p18f46k80.asm
                     B0D2   0x000e88       data     extern E:\3.46\pic18-lt\cxx-framework\src\traditional\proc\p18f46k80.asm
                 B0D2bits   0x000e88       data     extern E:\3.46\pic18-lt\cxx-framework\src\traditional\proc\p18f46k80.asm
                     B0D3   0x000e89       data     extern E:\3.46\pic18-lt\cxx-framework\src\traditional\proc\p18f46k80.asm
                 B0D3bits   0x000e89       data     extern E:\3.46\pic18-lt\cxx-framework\src\traditional\proc\p18f46k80.asm
                     B0D4   0x000e8a       data     extern E:\3.46\pic18-lt\cxx-framework\src\traditional\proc\p18f46k80.asm
                 B0D4bits   0x000e8a       data     extern E:\3.46\pic18-lt\cxx-framework\src\traditional\proc\p18f46k80.asm
                     B0D5   0x000e8b       data     extern E:\3.46\pic18-lt\cxx-framework\src\traditional\proc\p18f46k80.asm
                 B0D5bits   0x000e8b       data     extern E:\3.46\pic18-lt\cxx-framework\src\traditional\proc\p18f46k80.asm
                     B0D6   0x000e8c       data     extern E:\3.46\pic18-lt\cxx-framework\src\traditional\proc\p18f46k80.asm
                 B0D6bits   0x000e8c       data     extern E:\3.46\pic18-lt\cxx-framework\src\traditional\proc\p18f46k80.asm
                     B0D7   0x000e8d       data     extern E:\3.46\pic18-lt\cxx-framework\src\traditional\proc\p18f46k80.asm
                 B0D7bits   0x000e8d       data     extern E:\3.46\pic18-lt\cxx-framework\src\traditional\proc\p18f46k80.asm
                    B0DLC   0x000e85       data     extern E:\3.46\pic18-lt\cxx-framework\src\traditional\proc\p18f46k80.asm
                B0DLCbits   0x000e85       data     extern E:\3.46\pic18-lt\cxx-framework\src\traditional\proc\p18f46k80.asm
                   B0EIDH   0x000e83       data     extern E:\3.46\pic18-lt\cxx-framework\src\traditional\proc\p18f46k80.asm
               B0EIDHbits   0x000e83       data     extern E:\3.46\pic18-lt\cxx-framework\src\traditional\proc\p18f46k80.asm
                   B0EIDL   0x000e84       data     extern E:\3.46\pic18-lt\cxx-framework\src\traditional\proc\p18f46k80.asm
               B0EIDLbits   0x000e84       data     extern E:\3.46\pic18-lt\cxx-framework\src\traditional\proc\p18f46k80.asm
                   B0SIDH   0x000e81       data     extern E:\3.46\pic18-lt\cxx-framework\src\traditional\proc\p18f46k80.asm
               B0SIDHbits   0x000e81       data     extern E:\3.46\pic18-lt\cxx-framework\src\traditional\proc\p18f46k80.asm
                   B0SIDL   0x000e82       data     extern E:\3.46\pic18-lt\cxx-framework\src\traditional\proc\p18f46k80.asm
               B0SIDLbits   0x000e82       data     extern E:\3.46\pic18-lt\cxx-framework\src\traditional\proc\p18f46k80.asm
                    B1CON   0x000e90       data     extern E:\3.46\pic18-lt\cxx-framework\src\traditional\proc\p18f46k80.asm
                B1CONbits   0x000e90       data     extern E:\3.46\pic18-lt\cxx-framework\src\traditional\proc\p18f46k80.asm
                     B1D0   0x000e96       data     extern E:\3.46\pic18-lt\cxx-framework\src\traditional\proc\p18f46k80.asm
                 B1D0bits   0x000e96       data     extern E:\3.46\pic18-lt\cxx-framework\src\traditional\proc\p18f46k80.asm
                     B1D1   0x000e97       data     extern E:\3.46\pic18-lt\cxx-framework\src\traditional\proc\p18f46k80.asm
                 B1D1bits   0x000e97       data     extern E:\3.46\pic18-lt\cxx-framework\src\traditional\proc\p18f46k80.asm
                     B1D2   0x000e98       data     extern E:\3.46\pic18-lt\cxx-framework\src\traditional\proc\p18f46k80.asm
                 B1D2bits   0x000e98       data     extern E:\3.46\pic18-lt\cxx-framework\src\traditional\proc\p18f46k80.asm
                     B1D3   0x000e99       data     extern E:\3.46\pic18-lt\cxx-framework\src\traditional\proc\p18f46k80.asm
                 B1D3bits   0x000e99       data     extern E:\3.46\pic18-lt\cxx-framework\src\traditional\proc\p18f46k80.asm
                     B1D4   0x000e9a       data     extern E:\3.46\pic18-lt\cxx-framework\src\traditional\proc\p18f46k80.asm
                 B1D4bits   0x000e9a       data     extern E:\3.46\pic18-lt\cxx-framework\src\traditional\proc\p18f46k80.asm
                     B1D5   0x000e9b       data     extern E:\3.46\pic18-lt\cxx-framework\src\traditional\proc\p18f46k80.asm
                 B1D5bits   0x000e9b       data     extern E:\3.46\pic18-lt\cxx-framework\src\traditional\proc\p18f46k80.asm
                     B1D6   0x000e9c       data     extern E:\3.46\pic18-lt\cxx-framework\src\traditional\proc\p18f46k80.asm
                 B1D6bits   0x000e9c       data     extern E:\3.46\pic18-lt\cxx-framework\src\traditional\proc\p18f46k80.asm
                     B1D7   0x000e9d       data     extern E:\3.46\pic18-lt\cxx-framework\src\traditional\proc\p18f46k80.asm
                 B1D7bits   0x000e9d       data     extern E:\3.46\pic18-lt\cxx-framework\src\traditional\proc\p18f46k80.asm
                    B1DLC   0x000e95       data     extern E:\3.46\pic18-lt\cxx-framework\src\traditional\proc\p18f46k80.asm
                B1DLCbits   0x000e95       data     extern E:\3.46\pic18-lt\cxx-framework\src\traditional\proc\p18f46k80.asm
                   B1EIDH   0x000e93       data     extern E:\3.46\pic18-lt\cxx-framework\src\traditional\proc\p18f46k80.asm
               B1EIDHbits   0x000e93       data     extern E:\3.46\pic18-lt\cxx-framework\src\traditional\proc\p18f46k80.asm
                   B1EIDL   0x000e94       data     extern E:\3.46\pic18-lt\cxx-framework\src\traditional\proc\p18f46k80.asm
               B1EIDLbits   0x000e94       data     extern E:\3.46\pic18-lt\cxx-framework\src\traditional\proc\p18f46k80.asm
                   B1SIDH   0x000e91       data     extern E:\3.46\pic18-lt\cxx-framework\src\traditional\proc\p18f46k80.asm
               B1SIDHbits   0x000e91       data     extern E:\3.46\pic18-lt\cxx-framework\src\traditional\proc\p18f46k80.asm
                   B1SIDL   0x000e92       data     extern E:\3.46\pic18-lt\cxx-framework\src\traditional\proc\p18f46k80.asm
               B1SIDLbits   0x000e92       data     extern E:\3.46\pic18-lt\cxx-framework\src\traditional\proc\p18f46k80.asm
                    B2CON   0x000ea0       data     extern E:\3.46\pic18-lt\cxx-framework\src\traditional\proc\p18f46k80.asm
                B2CONbits   0x000ea0       data     extern E:\3.46\pic18-lt\cxx-framework\src\traditional\proc\p18f46k80.asm
                     B2D0   0x000ea6       data     extern E:\3.46\pic18-lt\cxx-framework\src\traditional\proc\p18f46k80.asm
                 B2D0bits   0x000ea6       data     extern E:\3.46\pic18-lt\cxx-framework\src\traditional\proc\p18f46k80.asm
                     B2D1   0x000ea7       data     extern E:\3.46\pic18-lt\cxx-framework\src\traditional\proc\p18f46k80.asm
                 B2D1bits   0x000ea7       data     extern E:\3.46\pic18-lt\cxx-framework\src\traditional\proc\p18f46k80.asm
                     B2D2   0x000ea8       data     extern E:\3.46\pic18-lt\cxx-framework\src\traditional\proc\p18f46k80.asm
                 B2D2bits   0x000ea8       data     extern E:\3.46\pic18-lt\cxx-framework\src\traditional\proc\p18f46k80.asm
                     B2D3   0x000ea9       data     extern E:\3.46\pic18-lt\cxx-framework\src\traditional\proc\p18f46k80.asm
                 B2D3bits   0x000ea9       data     extern E:\3.46\pic18-lt\cxx-framework\src\traditional\proc\p18f46k80.asm
                     B2D4   0x000eaa       data     extern E:\3.46\pic18-lt\cxx-framework\src\traditional\proc\p18f46k80.asm
                 B2D4bits   0x000eaa       data     extern E:\3.46\pic18-lt\cxx-framework\src\traditional\proc\p18f46k80.asm
                     B2D5   0x000eab       data     extern E:\3.46\pic18-lt\cxx-framework\src\traditional\proc\p18f46k80.asm
                 B2D5bits   0x000eab       data     extern E:\3.46\pic18-lt\cxx-framework\src\traditional\proc\p18f46k80.asm
                     B2D6   0x000eac       data     extern E:\3.46\pic18-lt\cxx-framework\src\traditional\proc\p18f46k80.asm
                 B2D6bits   0x000eac       data     extern E:\3.46\pic18-lt\cxx-framework\src\traditional\proc\p18f46k80.asm
                     B2D7   0x000ead       data     extern E:\3.46\pic18-lt\cxx-framework\src\traditional\proc\p18f46k80.asm
                 B2D7bits   0x000ead       data     extern E:\3.46\pic18-lt\cxx-framework\src\traditional\proc\p18f46k80.asm
                    B2DLC   0x000ea5       data     extern E:\3.46\pic18-lt\cxx-framework\src\traditional\proc\p18f46k80.asm
                B2DLCbits   0x000ea5       data     extern E:\3.46\pic18-lt\cxx-framework\src\traditional\proc\p18f46k80.asm
                   B2EIDH   0x000ea3       data     extern E:\3.46\pic18-lt\cxx-framework\src\traditional\proc\p18f46k80.asm
               B2EIDHbits   0x000ea3       data     extern E:\3.46\pic18-lt\cxx-framework\src\traditional\proc\p18f46k80.asm
                   B2EIDL   0x000ea4       data     extern E:\3.46\pic18-lt\cxx-framework\src\traditional\proc\p18f46k80.asm
               B2EIDLbits   0x000ea4       data     extern E:\3.46\pic18-lt\cxx-framework\src\traditional\proc\p18f46k80.asm
                   B2SIDH   0x000ea1       data     extern E:\3.46\pic18-lt\cxx-framework\src\traditional\proc\p18f46k80.asm
               B2SIDHbits   0x000ea1       data     extern E:\3.46\pic18-lt\cxx-framework\src\traditional\proc\p18f46k80.asm
                   B2SIDL   0x000ea2       data     extern E:\3.46\pic18-lt\cxx-framework\src\traditional\proc\p18f46k80.asm
               B2SIDLbits   0x000ea2       data     extern E:\3.46\pic18-lt\cxx-framework\src\traditional\proc\p18f46k80.asm
                    B3CON   0x000eb0       data     extern E:\3.46\pic18-lt\cxx-framework\src\traditional\proc\p18f46k80.asm
                B3CONbits   0x000eb0       data     extern E:\3.46\pic18-lt\cxx-framework\src\traditional\proc\p18f46k80.asm
                     B3D0   0x000eb6       data     extern E:\3.46\pic18-lt\cxx-framework\src\traditional\proc\p18f46k80.asm
                 B3D0bits   0x000eb6       data     extern E:\3.46\pic18-lt\cxx-framework\src\traditional\proc\p18f46k80.asm
                     B3D1   0x000eb7       data     extern E:\3.46\pic18-lt\cxx-framework\src\traditional\proc\p18f46k80.asm
                 B3D1bits   0x000eb7       data     extern E:\3.46\pic18-lt\cxx-framework\src\traditional\proc\p18f46k80.asm
                     B3D2   0x000eb8       data     extern E:\3.46\pic18-lt\cxx-framework\src\traditional\proc\p18f46k80.asm
                 B3D2bits   0x000eb8       data     extern E:\3.46\pic18-lt\cxx-framework\src\traditional\proc\p18f46k80.asm
                     B3D3   0x000eb9       data     extern E:\3.46\pic18-lt\cxx-framework\src\traditional\proc\p18f46k80.asm
                 B3D3bits   0x000eb9       data     extern E:\3.46\pic18-lt\cxx-framework\src\traditional\proc\p18f46k80.asm
                     B3D4   0x000eba       data     extern E:\3.46\pic18-lt\cxx-framework\src\traditional\proc\p18f46k80.asm
                 B3D4bits   0x000eba       data     extern E:\3.46\pic18-lt\cxx-framework\src\traditional\proc\p18f46k80.asm
                     B3D5   0x000ebb       data     extern E:\3.46\pic18-lt\cxx-framework\src\traditional\proc\p18f46k80.asm
                 B3D5bits   0x000ebb       data     extern E:\3.46\pic18-lt\cxx-framework\src\traditional\proc\p18f46k80.asm
                     B3D6   0x000ebc       data     extern E:\3.46\pic18-lt\cxx-framework\src\traditional\proc\p18f46k80.asm
                 B3D6bits   0x000ebc       data     extern E:\3.46\pic18-lt\cxx-framework\src\traditional\proc\p18f46k80.asm
                     B3D7   0x000ebd       data     extern E:\3.46\pic18-lt\cxx-framework\src\traditional\proc\p18f46k80.asm
                 B3D7bits   0x000ebd       data     extern E:\3.46\pic18-lt\cxx-framework\src\traditional\proc\p18f46k80.asm
                    B3DLC   0x000eb5       data     extern E:\3.46\pic18-lt\cxx-framework\src\traditional\proc\p18f46k80.asm
                B3DLCbits   0x000eb5       data     extern E:\3.46\pic18-lt\cxx-framework\src\traditional\proc\p18f46k80.asm
                   B3EIDH   0x000eb3       data     extern E:\3.46\pic18-lt\cxx-framework\src\traditional\proc\p18f46k80.asm
               B3EIDHbits   0x000eb3       data     extern E:\3.46\pic18-lt\cxx-framework\src\traditional\proc\p18f46k80.asm
                   B3EIDL   0x000eb4       data     extern E:\3.46\pic18-lt\cxx-framework\src\traditional\proc\p18f46k80.asm
               B3EIDLbits   0x000eb4       data     extern E:\3.46\pic18-lt\cxx-framework\src\traditional\proc\p18f46k80.asm
                   B3SIDH   0x000eb1       data     extern E:\3.46\pic18-lt\cxx-framework\src\traditional\proc\p18f46k80.asm
               B3SIDHbits   0x000eb1       data     extern E:\3.46\pic18-lt\cxx-framework\src\traditional\proc\p18f46k80.asm
                   B3SIDL   0x000eb2       data     extern E:\3.46\pic18-lt\cxx-framework\src\traditional\proc\p18f46k80.asm
               B3SIDLbits   0x000eb2       data     extern E:\3.46\pic18-lt\cxx-framework\src\traditional\proc\p18f46k80.asm
                    B4CON   0x000ec0       data     extern E:\3.46\pic18-lt\cxx-framework\src\traditional\proc\p18f46k80.asm
                B4CONbits   0x000ec0       data     extern E:\3.46\pic18-lt\cxx-framework\src\traditional\proc\p18f46k80.asm
                     B4D0   0x000ec6       data     extern E:\3.46\pic18-lt\cxx-framework\src\traditional\proc\p18f46k80.asm
                 B4D0bits   0x000ec6       data     extern E:\3.46\pic18-lt\cxx-framework\src\traditional\proc\p18f46k80.asm
                     B4D1   0x000ec7       data     extern E:\3.46\pic18-lt\cxx-framework\src\traditional\proc\p18f46k80.asm
                 B4D1bits   0x000ec7       data     extern E:\3.46\pic18-lt\cxx-framework\src\traditional\proc\p18f46k80.asm
                     B4D2   0x000ec8       data     extern E:\3.46\pic18-lt\cxx-framework\src\traditional\proc\p18f46k80.asm
                 B4D2bits   0x000ec8       data     extern E:\3.46\pic18-lt\cxx-framework\src\traditional\proc\p18f46k80.asm
                     B4D3   0x000ec9       data     extern E:\3.46\pic18-lt\cxx-framework\src\traditional\proc\p18f46k80.asm
                 B4D3bits   0x000ec9       data     extern E:\3.46\pic18-lt\cxx-framework\src\traditional\proc\p18f46k80.asm
                     B4D4   0x000eca       data     extern E:\3.46\pic18-lt\cxx-framework\src\traditional\proc\p18f46k80.asm
                 B4D4bits   0x000eca       data     extern E:\3.46\pic18-lt\cxx-framework\src\traditional\proc\p18f46k80.asm
                     B4D5   0x000ecb       data     extern E:\3.46\pic18-lt\cxx-framework\src\traditional\proc\p18f46k80.asm
                 B4D5bits   0x000ecb       data     extern E:\3.46\pic18-lt\cxx-framework\src\traditional\proc\p18f46k80.asm
                     B4D6   0x000ecc       data     extern E:\3.46\pic18-lt\cxx-framework\src\traditional\proc\p18f46k80.asm
                 B4D6bits   0x000ecc       data     extern E:\3.46\pic18-lt\cxx-framework\src\traditional\proc\p18f46k80.asm
                     B4D7   0x000ecd       data     extern E:\3.46\pic18-lt\cxx-framework\src\traditional\proc\p18f46k80.asm
                 B4D7bits   0x000ecd       data     extern E:\3.46\pic18-lt\cxx-framework\src\traditional\proc\p18f46k80.asm
                    B4DLC   0x000ec5       data     extern E:\3.46\pic18-lt\cxx-framework\src\traditional\proc\p18f46k80.asm
                B4DLCbits   0x000ec5       data     extern E:\3.46\pic18-lt\cxx-framework\src\traditional\proc\p18f46k80.asm
                   B4EIDH   0x000ec3       data     extern E:\3.46\pic18-lt\cxx-framework\src\traditional\proc\p18f46k80.asm
               B4EIDHbits   0x000ec3       data     extern E:\3.46\pic18-lt\cxx-framework\src\traditional\proc\p18f46k80.asm
                   B4EIDL   0x000ec4       data     extern E:\3.46\pic18-lt\cxx-framework\src\traditional\proc\p18f46k80.asm
               B4EIDLbits   0x000ec4       data     extern E:\3.46\pic18-lt\cxx-framework\src\traditional\proc\p18f46k80.asm
                   B4SIDH   0x000ec1       data     extern E:\3.46\pic18-lt\cxx-framework\src\traditional\proc\p18f46k80.asm
               B4SIDHbits   0x000ec1       data     extern E:\3.46\pic18-lt\cxx-framework\src\traditional\proc\p18f46k80.asm
                   B4SIDL   0x000ec2       data     extern E:\3.46\pic18-lt\cxx-framework\src\traditional\proc\p18f46k80.asm
               B4SIDLbits   0x000ec2       data     extern E:\3.46\pic18-lt\cxx-framework\src\traditional\proc\p18f46k80.asm
                    B5CON   0x000ed0       data     extern E:\3.46\pic18-lt\cxx-framework\src\traditional\proc\p18f46k80.asm
                B5CONbits   0x000ed0       data     extern E:\3.46\pic18-lt\cxx-framework\src\traditional\proc\p18f46k80.asm
                     B5D0   0x000ed6       data     extern E:\3.46\pic18-lt\cxx-framework\src\traditional\proc\p18f46k80.asm
                 B5D0bits   0x000ed6       data     extern E:\3.46\pic18-lt\cxx-framework\src\traditional\proc\p18f46k80.asm
                     B5D1   0x000ed7       data     extern E:\3.46\pic18-lt\cxx-framework\src\traditional\proc\p18f46k80.asm
                 B5D1bits   0x000ed7       data     extern E:\3.46\pic18-lt\cxx-framework\src\traditional\proc\p18f46k80.asm
                     B5D2   0x000ed8       data     extern E:\3.46\pic18-lt\cxx-framework\src\traditional\proc\p18f46k80.asm
                 B5D2bits   0x000ed8       data     extern E:\3.46\pic18-lt\cxx-framework\src\traditional\proc\p18f46k80.asm
                     B5D3   0x000ed9       data     extern E:\3.46\pic18-lt\cxx-framework\src\traditional\proc\p18f46k80.asm
                 B5D3bits   0x000ed9       data     extern E:\3.46\pic18-lt\cxx-framework\src\traditional\proc\p18f46k80.asm
                     B5D4   0x000eda       data     extern E:\3.46\pic18-lt\cxx-framework\src\traditional\proc\p18f46k80.asm
                 B5D4bits   0x000eda       data     extern E:\3.46\pic18-lt\cxx-framework\src\traditional\proc\p18f46k80.asm
                     B5D5   0x000edb       data     extern E:\3.46\pic18-lt\cxx-framework\src\traditional\proc\p18f46k80.asm
                 B5D5bits   0x000edb       data     extern E:\3.46\pic18-lt\cxx-framework\src\traditional\proc\p18f46k80.asm
                     B5D6   0x000edc       data     extern E:\3.46\pic18-lt\cxx-framework\src\traditional\proc\p18f46k80.asm
                 B5D6bits   0x000edc       data     extern E:\3.46\pic18-lt\cxx-framework\src\traditional\proc\p18f46k80.asm
                     B5D7   0x000edd       data     extern E:\3.46\pic18-lt\cxx-framework\src\traditional\proc\p18f46k80.asm
                 B5D7bits   0x000edd       data     extern E:\3.46\pic18-lt\cxx-framework\src\traditional\proc\p18f46k80.asm
                    B5DLC   0x000ed5       data     extern E:\3.46\pic18-lt\cxx-framework\src\traditional\proc\p18f46k80.asm
                B5DLCbits   0x000ed5       data     extern E:\3.46\pic18-lt\cxx-framework\src\traditional\proc\p18f46k80.asm
                   B5EIDH   0x000ed3       data     extern E:\3.46\pic18-lt\cxx-framework\src\traditional\proc\p18f46k80.asm
               B5EIDHbits   0x000ed3       data     extern E:\3.46\pic18-lt\cxx-framework\src\traditional\proc\p18f46k80.asm
                   B5EIDL   0x000ed4       data     extern E:\3.46\pic18-lt\cxx-framework\src\traditional\proc\p18f46k80.asm
               B5EIDLbits   0x000ed4       data     extern E:\3.46\pic18-lt\cxx-framework\src\traditional\proc\p18f46k80.asm
                   B5SIDH   0x000ed1       data     extern E:\3.46\pic18-lt\cxx-framework\src\traditional\proc\p18f46k80.asm
               B5SIDHbits   0x000ed1       data     extern E:\3.46\pic18-lt\cxx-framework\src\traditional\proc\p18f46k80.asm
                   B5SIDL   0x000ed2       data     extern E:\3.46\pic18-lt\cxx-framework\src\traditional\proc\p18f46k80.asm
               B5SIDLbits   0x000ed2       data     extern E:\3.46\pic18-lt\cxx-framework\src\traditional\proc\p18f46k80.asm
                 BAUDCON1   0x000fa7       data     extern E:\3.46\pic18-lt\cxx-framework\src\traditional\proc\p18f46k80.asm
             BAUDCON1bits   0x000fa7       data     extern E:\3.46\pic18-lt\cxx-framework\src\traditional\proc\p18f46k80.asm
                 BAUDCON2   0x000fb9       data     extern E:\3.46\pic18-lt\cxx-framework\src\traditional\proc\p18f46k80.asm
             BAUDCON2bits   0x000fb9       data     extern E:\3.46\pic18-lt\cxx-framework\src\traditional\proc\p18f46k80.asm
                     BIE0   0x000e7e       data     extern E:\3.46\pic18-lt\cxx-framework\src\traditional\proc\p18f46k80.asm
                 BIE0bits   0x000e7e       data     extern E:\3.46\pic18-lt\cxx-framework\src\traditional\proc\p18f46k80.asm
                  BRGCON1   0x000e43       data     extern E:\3.46\pic18-lt\cxx-framework\src\traditional\proc\p18f46k80.asm
              BRGCON1bits   0x000e43       data     extern E:\3.46\pic18-lt\cxx-framework\src\traditional\proc\p18f46k80.asm
                  BRGCON2   0x000e44       data     extern E:\3.46\pic18-lt\cxx-framework\src\traditional\proc\p18f46k80.asm
              BRGCON2bits   0x000e44       data     extern E:\3.46\pic18-lt\cxx-framework\src\traditional\proc\p18f46k80.asm
                  BRGCON3   0x000e45       data     extern E:\3.46\pic18-lt\cxx-framework\src\traditional\proc\p18f46k80.asm
              BRGCON3bits   0x000e45       data     extern E:\3.46\pic18-lt\cxx-framework\src\traditional\proc\p18f46k80.asm
                    BSEL0   0x000e7d       data     extern E:\3.46\pic18-lt\cxx-framework\src\traditional\proc\p18f46k80.asm
                BSEL0bits   0x000e7d       data     extern E:\3.46\pic18-lt\cxx-framework\src\traditional\proc\p18f46k80.asm
                      BSR   0x000fe0       data     extern E:\3.46\pic18-lt\cxx-framework\src\traditional\proc\p18f46k80.asm
                  BSRbits   0x000fe0       data     extern E:\3.46\pic18-lt\cxx-framework\src\traditional\proc\p18f46k80.asm
                   CANCON   0x000f6f       data     extern E:\3.46\pic18-lt\cxx-framework\src\traditional\proc\p18f46k80.asm
               CANCON_RO0   0x000f3f       data     extern E:\3.46\pic18-lt\cxx-framework\src\traditional\proc\p18f46k80.asm
           CANCON_RO0bits   0x000f3f       data     extern E:\3.46\pic18-lt\cxx-framework\src\traditional\proc\p18f46k80.asm
               CANCON_RO1   0x000f2f       data     extern E:\3.46\pic18-lt\cxx-framework\src\traditional\proc\p18f46k80.asm
           CANCON_RO1bits   0x000f2f       data     extern E:\3.46\pic18-lt\cxx-framework\src\traditional\proc\p18f46k80.asm
               CANCON_RO2   0x000f1f       data     extern E:\3.46\pic18-lt\cxx-framework\src\traditional\proc\p18f46k80.asm
           CANCON_RO2bits   0x000f1f       data     extern E:\3.46\pic18-lt\cxx-framework\src\traditional\proc\p18f46k80.asm
               CANCON_RO3   0x000f0f       data     extern E:\3.46\pic18-lt\cxx-framework\src\traditional\proc\p18f46k80.asm
           CANCON_RO3bits   0x000f0f       data     extern E:\3.46\pic18-lt\cxx-framework\src\traditional\proc\p18f46k80.asm
               CANCON_RO4   0x000edf       data     extern E:\3.46\pic18-lt\cxx-framework\src\traditional\proc\p18f46k80.asm
           CANCON_RO4bits   0x000edf       data     extern E:\3.46\pic18-lt\cxx-framework\src\traditional\proc\p18f46k80.asm
               CANCON_RO5   0x000ecf       data     extern E:\3.46\pic18-lt\cxx-framework\src\traditional\proc\p18f46k80.asm
           CANCON_RO5bits   0x000ecf       data     extern E:\3.46\pic18-lt\cxx-framework\src\traditional\proc\p18f46k80.asm
               CANCON_RO6   0x000ebf       data     extern E:\3.46\pic18-lt\cxx-framework\src\traditional\proc\p18f46k80.asm
           CANCON_RO6bits   0x000ebf       data     extern E:\3.46\pic18-lt\cxx-framework\src\traditional\proc\p18f46k80.asm
               CANCON_RO7   0x000eaf       data     extern E:\3.46\pic18-lt\cxx-framework\src\traditional\proc\p18f46k80.asm
           CANCON_RO7bits   0x000eaf       data     extern E:\3.46\pic18-lt\cxx-framework\src\traditional\proc\p18f46k80.asm
               CANCON_RO8   0x000e9f       data     extern E:\3.46\pic18-lt\cxx-framework\src\traditional\proc\p18f46k80.asm
           CANCON_RO8bits   0x000e9f       data     extern E:\3.46\pic18-lt\cxx-framework\src\traditional\proc\p18f46k80.asm
               CANCON_RO9   0x000e8f       data     extern E:\3.46\pic18-lt\cxx-framework\src\traditional\proc\p18f46k80.asm
           CANCON_RO9bits   0x000e8f       data     extern E:\3.46\pic18-lt\cxx-framework\src\traditional\proc\p18f46k80.asm
               CANCONbits   0x000f6f       data     extern E:\3.46\pic18-lt\cxx-framework\src\traditional\proc\p18f46k80.asm
                  CANSTAT   0x000f6e       data     extern E:\3.46\pic18-lt\cxx-framework\src\traditional\proc\p18f46k80.asm
              CANSTAT_RO0   0x000f3e       data     extern E:\3.46\pic18-lt\cxx-framework\src\traditional\proc\p18f46k80.asm
          CANSTAT_RO0bits   0x000f3e       data     extern E:\3.46\pic18-lt\cxx-framework\src\traditional\proc\p18f46k80.asm
              CANSTAT_RO1   0x000f2e       data     extern E:\3.46\pic18-lt\cxx-framework\src\traditional\proc\p18f46k80.asm
          CANSTAT_RO1bits   0x000f2e       data     extern E:\3.46\pic18-lt\cxx-framework\src\traditional\proc\p18f46k80.asm
              CANSTAT_RO2   0x000f1e       data     extern E:\3.46\pic18-lt\cxx-framework\src\traditional\proc\p18f46k80.asm
          CANSTAT_RO2bits   0x000f1e       data     extern E:\3.46\pic18-lt\cxx-framework\src\traditional\proc\p18f46k80.asm
              CANSTAT_RO3   0x000f0e       data     extern E:\3.46\pic18-lt\cxx-framework\src\traditional\proc\p18f46k80.asm
          CANSTAT_RO3bits   0x000f0e       data     extern E:\3.46\pic18-lt\cxx-framework\src\traditional\proc\p18f46k80.asm
              CANSTAT_RO4   0x000ede       data     extern E:\3.46\pic18-lt\cxx-framework\src\traditional\proc\p18f46k80.asm
          CANSTAT_RO4bits   0x000ede       data     extern E:\3.46\pic18-lt\cxx-framework\src\traditional\proc\p18f46k80.asm
              CANSTAT_RO5   0x000ece       data     extern E:\3.46\pic18-lt\cxx-framework\src\traditional\proc\p18f46k80.asm
          CANSTAT_RO5bits   0x000ece       data     extern E:\3.46\pic18-lt\cxx-framework\src\traditional\proc\p18f46k80.asm
              CANSTAT_RO6   0x000ebe       data     extern E:\3.46\pic18-lt\cxx-framework\src\traditional\proc\p18f46k80.asm
          CANSTAT_RO6bits   0x000ebe       data     extern E:\3.46\pic18-lt\cxx-framework\src\traditional\proc\p18f46k80.asm
              CANSTAT_RO7   0x000eae       data     extern E:\3.46\pic18-lt\cxx-framework\src\traditional\proc\p18f46k80.asm
          CANSTAT_RO7bits   0x000eae       data     extern E:\3.46\pic18-lt\cxx-framework\src\traditional\proc\p18f46k80.asm
              CANSTAT_RO8   0x000e9e       data     extern E:\3.46\pic18-lt\cxx-framework\src\traditional\proc\p18f46k80.asm
          CANSTAT_RO8bits   0x000e9e       data     extern E:\3.46\pic18-lt\cxx-framework\src\traditional\proc\p18f46k80.asm
              CANSTAT_RO9   0x000e8e       data     extern E:\3.46\pic18-lt\cxx-framework\src\traditional\proc\p18f46k80.asm
          CANSTAT_RO9bits   0x000e8e       data     extern E:\3.46\pic18-lt\cxx-framework\src\traditional\proc\p18f46k80.asm
              CANSTATbits   0x000f6e       data     extern E:\3.46\pic18-lt\cxx-framework\src\traditional\proc\p18f46k80.asm
                  CCP1CON   0x000fbb       data     extern E:\3.46\pic18-lt\cxx-framework\src\traditional\proc\p18f46k80.asm
              CCP1CONbits   0x000fbb       data     extern E:\3.46\pic18-lt\cxx-framework\src\traditional\proc\p18f46k80.asm
                  CCP2CON   0x000f50       data     extern E:\3.46\pic18-lt\cxx-framework\src\traditional\proc\p18f46k80.asm
              CCP2CONbits   0x000f50       data     extern E:\3.46\pic18-lt\cxx-framework\src\traditional\proc\p18f46k80.asm
                  CCP3CON   0x000f4d       data     extern E:\3.46\pic18-lt\cxx-framework\src\traditional\proc\p18f46k80.asm
              CCP3CONbits   0x000f4d       data     extern E:\3.46\pic18-lt\cxx-framework\src\traditional\proc\p18f46k80.asm
                  CCP4CON   0x000f4a       data     extern E:\3.46\pic18-lt\cxx-framework\src\traditional\proc\p18f46k80.asm
              CCP4CONbits   0x000f4a       data     extern E:\3.46\pic18-lt\cxx-framework\src\traditional\proc\p18f46k80.asm
                  CCP5CON   0x000f47       data     extern E:\3.46\pic18-lt\cxx-framework\src\traditional\proc\p18f46k80.asm
              CCP5CONbits   0x000f47       data     extern E:\3.46\pic18-lt\cxx-framework\src\traditional\proc\p18f46k80.asm
                    CCPR1   0x000fbc       data     extern E:\3.46\pic18-lt\cxx-framework\src\traditional\proc\p18f46k80.asm
                   CCPR1H   0x000fbd       data     extern E:\3.46\pic18-lt\cxx-framework\src\traditional\proc\p18f46k80.asm
                   CCPR1L   0x000fbc       data     extern E:\3.46\pic18-lt\cxx-framework\src\traditional\proc\p18f46k80.asm
                    CCPR2   0x000f51       data     extern E:\3.46\pic18-lt\cxx-framework\src\traditional\proc\p18f46k80.asm
                   CCPR2H   0x000f52       data     extern E:\3.46\pic18-lt\cxx-framework\src\traditional\proc\p18f46k80.asm
                   CCPR2L   0x000f51       data     extern E:\3.46\pic18-lt\cxx-framework\src\traditional\proc\p18f46k80.asm
                    CCPR3   0x000f4e       data     extern E:\3.46\pic18-lt\cxx-framework\src\traditional\proc\p18f46k80.asm
                   CCPR3H   0x000f4f       data     extern E:\3.46\pic18-lt\cxx-framework\src\traditional\proc\p18f46k80.asm
                   CCPR3L   0x000f4e       data     extern E:\3.46\pic18-lt\cxx-framework\src\traditional\proc\p18f46k80.asm
                    CCPR4   0x000f4b       data     extern E:\3.46\pic18-lt\cxx-framework\src\traditional\proc\p18f46k80.asm
                   CCPR4H   0x000f4c       data     extern E:\3.46\pic18-lt\cxx-framework\src\traditional\proc\p18f46k80.asm
                   CCPR4L   0x000f4b       data     extern E:\3.46\pic18-lt\cxx-framework\src\traditional\proc\p18f46k80.asm
                    CCPR5   0x000f48       data     extern E:\3.46\pic18-lt\cxx-framework\src\traditional\proc\p18f46k80.asm
                   CCPR5H   0x000f49       data     extern E:\3.46\pic18-lt\cxx-framework\src\traditional\proc\p18f46k80.asm
                   CCPR5L   0x000f48       data     extern E:\3.46\pic18-lt\cxx-framework\src\traditional\proc\p18f46k80.asm
                  CCPTMRS   0x000f99       data     extern E:\3.46\pic18-lt\cxx-framework\src\traditional\proc\p18f46k80.asm
              CCPTMRSbits   0x000f99       data     extern E:\3.46\pic18-lt\cxx-framework\src\traditional\proc\p18f46k80.asm
                   CIOCON   0x000f70       data     extern E:\3.46\pic18-lt\cxx-framework\src\traditional\proc\p18f46k80.asm
               CIOCONbits   0x000f70       data     extern E:\3.46\pic18-lt\cxx-framework\src\traditional\proc\p18f46k80.asm
                   CM1CON   0x000f5f       data     extern E:\3.46\pic18-lt\cxx-framework\src\traditional\proc\p18f46k80.asm
                  CM1CON1   0x000f5f       data     extern E:\3.46\pic18-lt\cxx-framework\src\traditional\proc\p18f46k80.asm
              CM1CON1bits   0x000f5f       data     extern E:\3.46\pic18-lt\cxx-framework\src\traditional\proc\p18f46k80.asm
               CM1CONbits   0x000f5f       data     extern E:\3.46\pic18-lt\cxx-framework\src\traditional\proc\p18f46k80.asm
                   CM2CON   0x000f5e       data     extern E:\3.46\pic18-lt\cxx-framework\src\traditional\proc\p18f46k80.asm
                  CM2CON1   0x000f5e       data     extern E:\3.46\pic18-lt\cxx-framework\src\traditional\proc\p18f46k80.asm
              CM2CON1bits   0x000f5e       data     extern E:\3.46\pic18-lt\cxx-framework\src\traditional\proc\p18f46k80.asm
               CM2CONbits   0x000f5e       data     extern E:\3.46\pic18-lt\cxx-framework\src\traditional\proc\p18f46k80.asm
                   CMSTAT   0x000fb4       data     extern E:\3.46\pic18-lt\cxx-framework\src\traditional\proc\p18f46k80.asm
                 CMSTATUS   0x000fb4       data     extern E:\3.46\pic18-lt\cxx-framework\src\traditional\proc\p18f46k80.asm
             CMSTATUSbits   0x000fb4       data     extern E:\3.46\pic18-lt\cxx-framework\src\traditional\proc\p18f46k80.asm
               CMSTATbits   0x000fb4       data     extern E:\3.46\pic18-lt\cxx-framework\src\traditional\proc\p18f46k80.asm
                  COMSTAT   0x000f71       data     extern E:\3.46\pic18-lt\cxx-framework\src\traditional\proc\p18f46k80.asm
              COMSTATbits   0x000f71       data     extern E:\3.46\pic18-lt\cxx-framework\src\traditional\proc\p18f46k80.asm
                  COUNTER   0x000020       data     static C:\Users\andy_\Dropbox\My PC (DESKTOP-50ID7O5)\Documents\School\Ferris\2022 Spring\ECNS 424 - Advanced Digital Design\Lab Materials\Lab IDL 4\IDL4.X\BulldogLCD.asm
                 CTMUCONH   0x000f55       data     extern E:\3.46\pic18-lt\cxx-framework\src\traditional\proc\p18f46k80.asm
             CTMUCONHbits   0x000f55       data     extern E:\3.46\pic18-lt\cxx-framework\src\traditional\proc\p18f46k80.asm
                 CTMUCONL   0x000f54       data     extern E:\3.46\pic18-lt\cxx-framework\src\traditional\proc\p18f46k80.asm
             CTMUCONLbits   0x000f54       data     extern E:\3.46\pic18-lt\cxx-framework\src\traditional\proc\p18f46k80.asm
                 CTMUICON   0x000f53       data     extern E:\3.46\pic18-lt\cxx-framework\src\traditional\proc\p18f46k80.asm
             CTMUICONbits   0x000f53       data     extern E:\3.46\pic18-lt\cxx-framework\src\traditional\proc\p18f46k80.asm
                   CVRCON   0x000fb5       data     extern E:\3.46\pic18-lt\cxx-framework\src\traditional\proc\p18f46k80.asm
               CVRCONbits   0x000fb5       data     extern E:\3.46\pic18-lt\cxx-framework\src\traditional\proc\p18f46k80.asm
                  ECANCON   0x000f72       data     extern E:\3.46\pic18-lt\cxx-framework\src\traditional\proc\p18f46k80.asm
              ECANCONbits   0x000f72       data     extern E:\3.46\pic18-lt\cxx-framework\src\traditional\proc\p18f46k80.asm
                  ECCP1AS   0x000fbf       data     extern E:\3.46\pic18-lt\cxx-framework\src\traditional\proc\p18f46k80.asm
              ECCP1ASbits   0x000fbf       data     extern E:\3.46\pic18-lt\cxx-framework\src\traditional\proc\p18f46k80.asm
                 ECCP1CON   0x000fbb       data     extern E:\3.46\pic18-lt\cxx-framework\src\traditional\proc\p18f46k80.asm
             ECCP1CONbits   0x000fbb       data     extern E:\3.46\pic18-lt\cxx-framework\src\traditional\proc\p18f46k80.asm
                 ECCP1DEL   0x000fbe       data     extern E:\3.46\pic18-lt\cxx-framework\src\traditional\proc\p18f46k80.asm
             ECCP1DELbits   0x000fbe       data     extern E:\3.46\pic18-lt\cxx-framework\src\traditional\proc\p18f46k80.asm
                 ECCP2CON   0x000f50       data     extern E:\3.46\pic18-lt\cxx-framework\src\traditional\proc\p18f46k80.asm
             ECCP2CONbits   0x000f50       data     extern E:\3.46\pic18-lt\cxx-framework\src\traditional\proc\p18f46k80.asm
                    EEADR   0x000f74       data     extern E:\3.46\pic18-lt\cxx-framework\src\traditional\proc\p18f46k80.asm
                   EEADRH   0x000f75       data     extern E:\3.46\pic18-lt\cxx-framework\src\traditional\proc\p18f46k80.asm
                   EECON1   0x000f7f       data     extern E:\3.46\pic18-lt\cxx-framework\src\traditional\proc\p18f46k80.asm
               EECON1bits   0x000f7f       data     extern E:\3.46\pic18-lt\cxx-framework\src\traditional\proc\p18f46k80.asm
                   EECON2   0x000f7e       data     extern E:\3.46\pic18-lt\cxx-framework\src\traditional\proc\p18f46k80.asm
                   EEDATA   0x000f73       data     extern E:\3.46\pic18-lt\cxx-framework\src\traditional\proc\p18f46k80.asm
[...]
                 IPR3bits   0x000fa5       data     extern E:\3.46\pic18-lt\cxx-framework\src\traditional\proc\p18f46k80.asm
                     IPR3   0x000fa5       data     extern E:\3.46\pic18-lt\cxx-framework\src\traditional\proc\p18f46k80.asm
                   RCSTA2   0x000fa6       data     extern E:\3.46\pic18-lt\cxx-framework\src\traditional\proc\p18f46k80.asm
               RCSTA2bits   0x000fa6       data     extern E:\3.46\pic18-lt\cxx-framework\src\traditional\proc\p18f46k80.asm
                 BAUDCON1   0x000fa7       data     extern E:\3.46\pic18-lt\cxx-framework\src\traditional\proc\p18f46k80.asm
             BAUDCON1bits   0x000fa7       data     extern E:\3.46\pic18-lt\cxx-framework\src\traditional\proc\p18f46k80.asm
              HLVDCONbits   0x000fa8       data     extern E:\3.46\pic18-lt\cxx-framework\src\traditional\proc\p18f46k80.asm
                  HLVDCON   0x000fa8       data     extern E:\3.46\pic18-lt\cxx-framework\src\traditional\proc\p18f46k80.asm
                      PR4   0x000fa9       data     extern E:\3.46\pic18-lt\cxx-framework\src\traditional\proc\p18f46k80.asm
               T1GCONbits   0x000faa       data     extern E:\3.46\pic18-lt\cxx-framework\src\traditional\proc\p18f46k80.asm
                   T1GCON   0x000faa       data     extern E:\3.46\pic18-lt\cxx-framework\src\traditional\proc\p18f46k80.asm
                    RCSTA   0x000fab       data     extern E:\3.46\pic18-lt\cxx-framework\src\traditional\proc\p18f46k80.asm
                   RCSTA1   0x000fab       data     extern E:\3.46\pic18-lt\cxx-framework\src\traditional\proc\p18f46k80.asm
               RCSTA1bits   0x000fab       data     extern E:\3.46\pic18-lt\cxx-framework\src\traditional\proc\p18f46k80.asm
                RCSTAbits   0x000fab       data     extern E:\3.46\pic18-lt\cxx-framework\src\traditional\proc\p18f46k80.asm
                TXSTAbits   0x000fac       data     extern E:\3.46\pic18-lt\cxx-framework\src\traditional\proc\p18f46k80.asm
               TXSTA1bits   0x000fac       data     extern E:\3.46\pic18-lt\cxx-framework\src\traditional\proc\p18f46k80.asm
                   TXSTA1   0x000fac       data     extern E:\3.46\pic18-lt\cxx-framework\src\traditional\proc\p18f46k80.asm
                    TXSTA   0x000fac       data     extern E:\3.46\pic18-lt\cxx-framework\src\traditional\proc\p18f46k80.asm
                   TXREG1   0x000fad       data     extern E:\3.46\pic18-lt\cxx-framework\src\traditional\proc\p18f46k80.asm
                    TXREG   0x000fad       data     extern E:\3.46\pic18-lt\cxx-framework\src\traditional\proc\p18f46k80.asm
                   RCREG1   0x000fae       data     extern E:\3.46\pic18-lt\cxx-framework\src\traditional\proc\p18f46k80.asm
                    RCREG   0x000fae       data     extern E:\3.46\pic18-lt\cxx-framework\src\traditional\proc\p18f46k80.asm
                    SPBRG   0x000faf       data     extern E:\3.46\pic18-lt\cxx-framework\src\traditional\proc\p18f46k80.asm
                   SPBRG1   0x000faf       data     extern E:\3.46\pic18-lt\cxx-framework\src\traditional\proc\p18f46k80.asm
                   T3GCON   0x000fb0       data     extern E:\3.46\pic18-lt\cxx-framework\src\traditional\proc\p18f46k80.asm
               T3GCONbits   0x000fb0       data     extern E:\3.46\pic18-lt\cxx-framework\src\traditional\proc\p18f46k80.asm
                    T3CON   0x000fb1       data     extern E:\3.46\pic18-lt\cxx-framework\src\traditional\proc\p18f46k80.asm
                T3CONbits   0x000fb1       data     extern E:\3.46\pic18-lt\cxx-framework\src\traditional\proc\p18f46k80.asm
                    TMR3L   0x000fb2       data     extern E:\3.46\pic18-lt\cxx-framework\src\traditional\proc\p18f46k80.asm
                    TMR3H   0x000fb3       data     extern E:\3.46\pic18-lt\cxx-framework\src\traditional\proc\p18f46k80.asm
               CMSTATbits   0x000fb4       data     extern E:\3.46\pic18-lt\cxx-framework\src\traditional\proc\p18f46k80.asm
             CMSTATUSbits   0x000fb4       data     extern E:\3.46\pic18-lt\cxx-framework\src\traditional\proc\p18f46k80.asm
                 CMSTATUS   0x000fb4       data     extern E:\3.46\pic18-lt\cxx-framework\src\traditional\proc\p18f46k80.asm
                   CMSTAT   0x000fb4       data     extern E:\3.46\pic18-lt\cxx-framework\src\traditional\proc\p18f46k80.asm
               CVRCONbits   0x000fb5       data     extern E:\3.46\pic18-lt\cxx-framework\src\traditional\proc\p18f46k80.asm
                   CVRCON   0x000fb5       data     extern E:\3.46\pic18-lt\cxx-framework\src\traditional\proc\p18f46k80.asm
                 PIE4bits   0x000fb6       data     extern E:\3.46\pic18-lt\cxx-framework\src\traditional\proc\p18f46k80.asm
                     PIE4   0x000fb6       data     extern E:\3.46\pic18-lt\cxx-framework\src\traditional\proc\p18f46k80.asm
                     PIR4   0x000fb7       data     extern E:\3.46\pic18-lt\cxx-framework\src\traditional\proc\p18f46k80.asm
                 PIR4bits   0x000fb7       data     extern E:\3.46\pic18-lt\cxx-framework\src\traditional\proc\p18f46k80.asm
                 IPR4bits   0x000fb8       data     extern E:\3.46\pic18-lt\cxx-framework\src\traditional\proc\p18f46k80.asm
                     IPR4   0x000fb8       data     extern E:\3.46\pic18-lt\cxx-framework\src\traditional\proc\p18f46k80.asm
                 BAUDCON2   0x000fb9       data     extern E:\3.46\pic18-lt\cxx-framework\src\traditional\proc\p18f46k80.asm
             BAUDCON2bits   0x000fb9       data     extern E:\3.46\pic18-lt\cxx-framework\src\traditional\proc\p18f46k80.asm
                   TXSTA2   0x000fba       data     extern E:\3.46\pic18-lt\cxx-framework\src\traditional\proc\p18f46k80.asm
               TXSTA2bits   0x000fba       data     extern E:\3.46\pic18-lt\cxx-framework\src\traditional\proc\p18f46k80.asm
                  CCP1CON   0x000fbb       data     extern E:\3.46\pic18-lt\cxx-framework\src\traditional\proc\p18f46k80.asm
              CCP1CONbits   0x000fbb       data     extern E:\3.46\pic18-lt\cxx-framework\src\traditional\proc\p18f46k80.asm
             ECCP1CONbits   0x000fbb       data     extern E:\3.46\pic18-lt\cxx-framework\src\traditional\proc\p18f46k80.asm
                 ECCP1CON   0x000fbb       data     extern E:\3.46\pic18-lt\cxx-framework\src\traditional\proc\p18f46k80.asm
                    CCPR1   0x000fbc       data     extern E:\3.46\pic18-lt\cxx-framework\src\traditional\proc\p18f46k80.asm
                   CCPR1L   0x000fbc       data     extern E:\3.46\pic18-lt\cxx-framework\src\traditional\proc\p18f46k80.asm
                   CCPR1H   0x000fbd       data     extern E:\3.46\pic18-lt\cxx-framework\src\traditional\proc\p18f46k80.asm
                 ECCP1DEL   0x000fbe       data     extern E:\3.46\pic18-lt\cxx-framework\src\traditional\proc\p18f46k80.asm
                  PWM1CON   0x000fbe       data     extern E:\3.46\pic18-lt\cxx-framework\src\traditional\proc\p18f46k80.asm
              PWM1CONbits   0x000fbe       data     extern E:\3.46\pic18-lt\cxx-framework\src\traditional\proc\p18f46k80.asm
             ECCP1DELbits   0x000fbe       data     extern E:\3.46\pic18-lt\cxx-framework\src\traditional\proc\p18f46k80.asm
                  ECCP1AS   0x000fbf       data     extern E:\3.46\pic18-lt\cxx-framework\src\traditional\proc\p18f46k80.asm
              ECCP1ASbits   0x000fbf       data     extern E:\3.46\pic18-lt\cxx-framework\src\traditional\proc\p18f46k80.asm
                   ADCON2   0x000fc0       data     extern E:\3.46\pic18-lt\cxx-framework\src\traditional\proc\p18f46k80.asm
               ADCON2bits   0x000fc0       data     extern E:\3.46\pic18-lt\cxx-framework\src\traditional\proc\p18f46k80.asm
               ADCON1bits   0x000fc1       data     extern E:\3.46\pic18-lt\cxx-framework\src\traditional\proc\p18f46k80.asm
                   ADCON1   0x000fc1       data     extern E:\3.46\pic18-lt\cxx-framework\src\traditional\proc\p18f46k80.asm
               ADCON0bits   0x000fc2       data     extern E:\3.46\pic18-lt\cxx-framework\src\traditional\proc\p18f46k80.asm
                   ADCON0   0x000fc2       data     extern E:\3.46\pic18-lt\cxx-framework\src\traditional\proc\p18f46k80.asm
                    ADRES   0x000fc3       data     extern E:\3.46\pic18-lt\cxx-framework\src\traditional\proc\p18f46k80.asm
                   ADRESL   0x000fc3       data     extern E:\3.46\pic18-lt\cxx-framework\src\traditional\proc\p18f46k80.asm
                   ADRESH   0x000fc4       data     extern E:\3.46\pic18-lt\cxx-framework\src\traditional\proc\p18f46k80.asm
              SSPCON2bits   0x000fc5       data     extern E:\3.46\pic18-lt\cxx-framework\src\traditional\proc\p18f46k80.asm
                  SSPCON2   0x000fc5       data     extern E:\3.46\pic18-lt\cxx-framework\src\traditional\proc\p18f46k80.asm
                  SSPCON1   0x000fc6       data     extern E:\3.46\pic18-lt\cxx-framework\src\traditional\proc\p18f46k80.asm
              SSPCON1bits   0x000fc6       data     extern E:\3.46\pic18-lt\cxx-framework\src\traditional\proc\p18f46k80.asm
                  SSPSTAT   0x000fc7       data     extern E:\3.46\pic18-lt\cxx-framework\src\traditional\proc\p18f46k80.asm
              SSPSTATbits   0x000fc7       data     extern E:\3.46\pic18-lt\cxx-framework\src\traditional\proc\p18f46k80.asm
               SSPADDbits   0x000fc8       data     extern E:\3.46\pic18-lt\cxx-framework\src\traditional\proc\p18f46k80.asm
                   SSPADD   0x000fc8       data     extern E:\3.46\pic18-lt\cxx-framework\src\traditional\proc\p18f46k80.asm
                   SSPBUF   0x000fc9       data     extern E:\3.46\pic18-lt\cxx-framework\src\traditional\proc\p18f46k80.asm
                    T2CON   0x000fca       data     extern E:\3.46\pic18-lt\cxx-framework\src\traditional\proc\p18f46k80.asm
                T2CONbits   0x000fca       data     extern E:\3.46\pic18-lt\cxx-framework\src\traditional\proc\p18f46k80.asm
                      PR2   0x000fcb       data     extern E:\3.46\pic18-lt\cxx-framework\src\traditional\proc\p18f46k80.asm
                     TMR2   0x000fcc       data     extern E:\3.46\pic18-lt\cxx-framework\src\traditional\proc\p18f46k80.asm
                    T1CON   0x000fcd       data     extern E:\3.46\pic18-lt\cxx-framework\src\traditional\proc\p18f46k80.asm
                T1CONbits   0x000fcd       data     extern E:\3.46\pic18-lt\cxx-framework\src\traditional\proc\p18f46k80.asm
                    TMR1L   0x000fce       data     extern E:\3.46\pic18-lt\cxx-framework\src\traditional\proc\p18f46k80.asm
                    TMR1H   0x000fcf       data     extern E:\3.46\pic18-lt\cxx-framework\src\traditional\proc\p18f46k80.asm
                 RCONbits   0x000fd0       data     extern E:\3.46\pic18-lt\cxx-framework\src\traditional\proc\p18f46k80.asm
                     RCON   0x000fd0       data     extern E:\3.46\pic18-lt\cxx-framework\src\traditional\proc\p18f46k80.asm
                   WDTCON   0x000fd1       data     extern E:\3.46\pic18-lt\cxx-framework\src\traditional\proc\p18f46k80.asm
               WDTCONbits   0x000fd1       data     extern E:\3.46\pic18-lt\cxx-framework\src\traditional\proc\p18f46k80.asm
              OSCCON2bits   0x000fd2       data     extern E:\3.46\pic18-lt\cxx-framework\src\traditional\proc\p18f46k80.asm
                  OSCCON2   0x000fd2       data     extern E:\3.46\pic18-lt\cxx-framework\src\traditional\proc\p18f46k80.asm
                   OSCCON   0x000fd3       data     extern E:\3.46\pic18-lt\cxx-framework\src\traditional\proc\p18f46k80.asm
               OSCCONbits   0x000fd3       data     extern E:\3.46\pic18-lt\cxx-framework\src\traditional\proc\p18f46k80.asm
                T0CONbits   0x000fd5       data     extern E:\3.46\pic18-lt\cxx-framework\src\traditional\proc\p18f46k80.asm
                    T0CON   0x000fd5       data     extern E:\3.46\pic18-lt\cxx-framework\src\traditional\proc\p18f46k80.asm
                    TMR0L   0x000fd6       data     extern E:\3.46\pic18-lt\cxx-framework\src\traditional\proc\p18f46k80.asm
                    TMR0H   0x000fd7       data     extern E:\3.46\pic18-lt\cxx-framework\src\traditional\proc\p18f46k80.asm
               STATUSbits   0x000fd8       data     extern E:\3.46\pic18-lt\cxx-framework\src\traditional\proc\p18f46k80.asm
                   STATUS   0x000fd8       data     extern E:\3.46\pic18-lt\cxx-framework\src\traditional\proc\p18f46k80.asm
                     FSR2   0x000fd9       data     extern E:\3.46\pic18-lt\cxx-framework\src\traditional\proc\p18f46k80.asm
                    FSR2L   0x000fd9       data     extern E:\3.46\pic18-lt\cxx-framework\src\traditional\proc\p18f46k80.asm
                    FSR2H   0x000fda       data     extern E:\3.46\pic18-lt\cxx-framework\src\traditional\proc\p18f46k80.asm
                FSR2Hbits   0x000fda       data     extern E:\3.46\pic18-lt\cxx-framework\src\traditional\proc\p18f46k80.asm
                   PLUSW2   0x000fdb       data     extern E:\3.46\pic18-lt\cxx-framework\src\traditional\proc\p18f46k80.asm
                  PREINC2   0x000fdc       data     extern E:\3.46\pic18-lt\cxx-framework\src\traditional\proc\p18f46k80.asm
                 POSTDEC2   0x000fdd       data     extern E:\3.46\pic18-lt\cxx-framework\src\traditional\proc\p18f46k80.asm
                 POSTINC2   0x000fde       data     extern E:\3.46\pic18-lt\cxx-framework\src\traditional\proc\p18f46k80.asm
                    INDF2   0x000fdf       data     extern E:\3.46\pic18-lt\cxx-framework\src\traditional\proc\p18f46k80.asm
                  BSRbits   0x000fe0       data     extern E:\3.46\pic18-lt\cxx-framework\src\traditional\proc\p18f46k80.asm
                      BSR   0x000fe0       data     extern E:\3.46\pic18-lt\cxx-framework\src\traditional\proc\p18f46k80.asm
                     FSR1   0x000fe1       data     extern E:\3.46\pic18-lt\cxx-framework\src\traditional\proc\p18f46k80.asm
                    FSR1L   0x000fe1       data     extern E:\3.46\pic18-lt\cxx-framework\src\traditional\proc\p18f46k80.asm
                    FSR1H   0x000fe2       data     extern E:\3.46\pic18-lt\cxx-framework\src\traditional\proc\p18f46k80.asm
                FSR1Hbits   0x000fe2       data     extern E:\3.46\pic18-lt\cxx-framework\src\traditional\proc\p18f46k80.asm
                   PLUSW1   0x000fe3       data     extern E:\3.46\pic18-lt\cxx-framework\src\traditional\proc\p18f46k80.asm
                  PREINC1   0x000fe4       data     extern E:\3.46\pic18-lt\cxx-framework\src\traditional\proc\p18f46k80.asm
                 POSTDEC1   0x000fe5       data     extern E:\3.46\pic18-lt\cxx-framework\src\traditional\proc\p18f46k80.asm
                 POSTINC1   0x000fe6       data     extern E:\3.46\pic18-lt\cxx-framework\src\traditional\proc\p18f46k80.asm
                    INDF1   0x000fe7       data     extern E:\3.46\pic18-lt\cxx-framework\src\traditional\proc\p18f46k80.asm
                     WREG   0x000fe8       data     extern E:\3.46\pic18-lt\cxx-framework\src\traditional\proc\p18f46k80.asm
                     FSR0   0x000fe9       data     extern E:\3.46\pic18-lt\cxx-framework\src\traditional\proc\p18f46k80.asm
                    FSR0L   0x000fe9       data     extern E:\3.46\pic18-lt\cxx-framework\src\traditional\proc\p18f46k80.asm
                    FSR0H   0x000fea       data     extern E:\3.46\pic18-lt\cxx-framework\src\traditional\proc\p18f46k80.asm
                FSR0Hbits   0x000fea       data     extern E:\3.46\pic18-lt\cxx-framework\src\traditional\proc\p18f46k80.asm
                   PLUSW0   0x000feb       data     extern E:\3.46\pic18-lt\cxx-framework\src\traditional\proc\p18f46k80.asm
                  PREINC0   0x000fec       data     extern E:\3.46\pic18-lt\cxx-framework\src\traditional\proc\p18f46k80.asm
                 POSTDEC0   0x000fed       data     extern E:\3.46\pic18-lt\cxx-framework\src\traditional\proc\p18f46k80.asm
                 POSTINC0   0x000fee       data     extern E:\3.46\pic18-lt\cxx-framework\src\traditional\proc\p18f46k80.asm
                    INDF0   0x000fef       data     extern E:\3.46\pic18-lt\cxx-framework\src\traditional\proc\p18f46k80.asm
              INTCON3bits   0x000ff0       data     extern E:\3.46\pic18-lt\cxx-framework\src\traditional\proc\p18f46k80.asm
                  INTCON3   0x000ff0       data     extern E:\3.46\pic18-lt\cxx-framework\src\traditional\proc\p18f46k80.asm
                  INTCON2   0x000ff1       data     extern E:\3.46\pic18-lt\cxx-framework\src\traditional\proc\p18f46k80.asm
              INTCON2bits   0x000ff1       data     extern E:\3.46\pic18-lt\cxx-framework\src\traditional\proc\p18f46k80.asm
               INTCONbits   0x000ff2       data     extern E:\3.46\pic18-lt\cxx-framework\src\traditional\proc\p18f46k80.asm
              INTCON1bits   0x000ff2       data     extern E:\3.46\pic18-lt\cxx-framework\src\traditional\proc\p18f46k80.asm
                  INTCON1   0x000ff2       data     extern E:\3.46\pic18-lt\cxx-framework\src\traditional\proc\p18f46k80.asm
                   INTCON   0x000ff2       data     extern E:\3.46\pic18-lt\cxx-framework\src\traditional\proc\p18f46k80.asm
                    PRODL   0x000ff3       data     extern E:\3.46\pic18-lt\cxx-framework\src\traditional\proc\p18f46k80.asm
                     PROD   0x000ff3       data     extern E:\3.46\pic18-lt\cxx-framework\src\traditional\proc\p18f46k80.asm
                    PRODH   0x000ff4       data     extern E:\3.46\pic18-lt\cxx-framework\src\traditional\proc\p18f46k80.asm
                   TABLAT   0x000ff5       data     extern E:\3.46\pic18-lt\cxx-framework\src\traditional\proc\p18f46k80.asm
                   TBLPTR   0x000ff6       data     extern E:\3.46\pic18-lt\cxx-framework\src\traditional\proc\p18f46k80.asm
                  TBLPTRL   0x000ff6       data     extern E:\3.46\pic18-lt\cxx-framework\src\traditional\proc\p18f46k80.asm
                  TBLPTRH   0x000ff7       data     extern E:\3.46\pic18-lt\cxx-framework\src\traditional\proc\p18f46k80.asm
                  TBLPTRU   0x000ff8       data     extern E:\3.46\pic18-lt\cxx-framework\src\traditional\proc\p18f46k80.asm
              TBLPTRUbits   0x000ff8       data     extern E:\3.46\pic18-lt\cxx-framework\src\traditional\proc\p18f46k80.asm
                       PC   0x000ff9       data     extern E:\3.46\pic18-lt\cxx-framework\src\traditional\proc\p18f46k80.asm
                      PCL   0x000ff9       data     extern E:\3.46\pic18-lt\cxx-framework\src\traditional\proc\p18f46k80.asm
                   PCLATH   0x000ffa       data     extern E:\3.46\pic18-lt\cxx-framework\src\traditional\proc\p18f46k80.asm
                   PCLATU   0x000ffb       data     extern E:\3.46\pic18-lt\cxx-framework\src\traditional\proc\p18f46k80.asm
               PCLATUbits   0x000ffb       data     extern E:\3.46\pic18-lt\cxx-framework\src\traditional\proc\p18f46k80.asm
                   STKPTR   0x000ffc       data     extern E:\3.46\pic18-lt\cxx-framework\src\traditional\proc\p18f46k80.asm
               STKPTRbits   0x000ffc       data     extern E:\3.46\pic18-lt\cxx-framework\src\traditional\proc\p18f46k80.asm
                      TOS   0x000ffd       data     extern E:\3.46\pic18-lt\cxx-framework\src\traditional\proc\p18f46k80.asm
                     TOSL   0x000ffd       data     extern E:\3.46\pic18-lt\cxx-framework\src\traditional\proc\p18f46k80.asm
                     TOSH   0x000ffe       data     extern E:\3.46\pic18-lt\cxx-framework\src\traditional\proc\p18f46k80.asm
                     TOSU   0x000fff       data     extern E:\3.46\pic18-lt\cxx-framework\src\traditional\proc\p18f46k80.asm
                 TOSUbits   0x000fff       data     extern E:\3.46\pic18-lt\cxx-framework\src\traditional\proc\p18f46k80.asm


